Component: ARM Compiler 5.06 update 6 (build 750) Tool: armlink [4d35ed]

==============================================================================

Section Cross References

    main.o(i.main) refers to _printf_percent.o(.ARM.Collect$$_printf_percent$$00000000) for _printf_percent
    main.o(i.main) refers to _printf_lld.o(.ARM.Collect$$_printf_percent$$0000000E) for _printf_lld
    main.o(i.main) refers to _printf_longlong_dec.o(.text) for _printf_longlong_dec
    main.o(i.main) refers to stm32f1xx_hal.o(i.HAL_Init) for HAL_Init
    main.o(i.main) refers to sys.o(i.Stm32_Clock_Init) for Stm32_Clock_Init
    main.o(i.main) refers to delay.o(i.delay_init) for delay_init
    main.o(i.main) refers to usart.o(i.uart_init) for uart_init
    main.o(i.main) refers to led.o(i.LED_Init) for LED_Init
    main.o(i.main) refers to timer.o(i.TIM3_PWM_Init) for TIM3_PWM_Init
    main.o(i.main) refers to timer.o(i.TIM5_CH1_Cap_Init) for TIM5_CH1_Cap_Init
    main.o(i.main) refers to noretval__2printf.o(.text) for __2printf
    main.o(i.main) refers to dfltll_clz.o(x$fpl$dfltll) for __aeabi_l2d
    main.o(i.main) refers to dmul.o(x$fpl$dmul) for __aeabi_dmul
    main.o(i.main) refers to ddiv.o(x$fpl$ddiv) for __aeabi_ddiv
    main.o(i.main) refers to dfixu.o(x$fpl$dfixu) for __aeabi_d2uiz
    main.o(i.main) refers to fflt_clz.o(x$fpl$ffltu) for __aeabi_ui2f
    main.o(i.main) refers to f2d.o(x$fpl$f2d) for __aeabi_f2d
    main.o(i.main) refers to daddsub_clz.o(x$fpl$dadd) for __aeabi_dadd
    main.o(i.main) refers to faddsub_clz.o(x$fpl$fsub) for __aeabi_fsub
    main.o(i.main) refers to fmul.o(x$fpl$fmul) for __aeabi_fmul
    main.o(i.main) refers to d2f.o(x$fpl$d2f) for __aeabi_d2f
    main.o(i.main) refers to drleqf.o(x$fpl$drleqf) for __aeabi_cdrcmple
    main.o(i.main) refers to dleqf.o(x$fpl$dleqf) for __aeabi_cdcmple
    main.o(i.main) refers to ffixu.o(x$fpl$ffixu) for __aeabi_f2uiz
    main.o(i.main) refers to timer.o(i.TIM_SetTIM3Compare2) for TIM_SetTIM3Compare2
    main.o(i.main) refers to main.o(.data) for e_now
    main.o(i.main) refers to timer.o(.data) for TIM5CH1_CAPTURE_STA
    stm32f1xx_it.o(i.SysTick_Handler) refers to stm32f1xx_hal.o(i.HAL_IncTick) for HAL_IncTick
    system_stm32f1xx.o(i.SystemCoreClockUpdate) refers to system_stm32f1xx.o(.data) for SystemCoreClock
    system_stm32f1xx.o(i.SystemCoreClockUpdate) refers to system_stm32f1xx.o(.constdata) for AHBPrescTable
    startup_stm32f103xe.o(STACK) refers (Special) to heapauxi.o(.text) for __use_two_region_memory
    startup_stm32f103xe.o(HEAP) refers (Special) to heapauxi.o(.text) for __use_two_region_memory
    startup_stm32f103xe.o(RESET) refers (Special) to heapauxi.o(.text) for __use_two_region_memory
    startup_stm32f103xe.o(RESET) refers to startup_stm32f103xe.o(STACK) for __initial_sp
    startup_stm32f103xe.o(RESET) refers to startup_stm32f103xe.o(.text) for Reset_Handler
    startup_stm32f103xe.o(RESET) refers to stm32f1xx_it.o(i.NMI_Handler) for NMI_Handler
    startup_stm32f103xe.o(RESET) refers to stm32f1xx_it.o(i.HardFault_Handler) for HardFault_Handler
    startup_stm32f103xe.o(RESET) refers to stm32f1xx_it.o(i.MemManage_Handler) for MemManage_Handler
    startup_stm32f103xe.o(RESET) refers to stm32f1xx_it.o(i.BusFault_Handler) for BusFault_Handler
    startup_stm32f103xe.o(RESET) refers to stm32f1xx_it.o(i.UsageFault_Handler) for UsageFault_Handler
    startup_stm32f103xe.o(RESET) refers to stm32f1xx_it.o(i.SVC_Handler) for SVC_Handler
    startup_stm32f103xe.o(RESET) refers to stm32f1xx_it.o(i.DebugMon_Handler) for DebugMon_Handler
    startup_stm32f103xe.o(RESET) refers to stm32f1xx_it.o(i.PendSV_Handler) for PendSV_Handler
    startup_stm32f103xe.o(RESET) refers to stm32f1xx_it.o(i.SysTick_Handler) for SysTick_Handler
    startup_stm32f103xe.o(RESET) refers to timer.o(i.TIM3_IRQHandler) for TIM3_IRQHandler
    startup_stm32f103xe.o(RESET) refers to usart.o(i.USART1_IRQHandler) for USART1_IRQHandler
    startup_stm32f103xe.o(RESET) refers to timer.o(i.TIM5_IRQHandler) for TIM5_IRQHandler
    startup_stm32f103xe.o(.text) refers (Special) to heapauxi.o(.text) for __use_two_region_memory
    startup_stm32f103xe.o(.text) refers to system_stm32f1xx.o(i.SystemInit) for SystemInit
    startup_stm32f103xe.o(.text) refers to __main.o(!!!main) for __main
    startup_stm32f103xe.o(.text) refers to startup_stm32f103xe.o(HEAP) for Heap_Mem
    startup_stm32f103xe.o(.text) refers to startup_stm32f103xe.o(STACK) for Stack_Mem
    stm32f1xx_hal.o(i.HAL_DeInit) refers to stm32f1xx_hal_msp.o(i.HAL_MspDeInit) for HAL_MspDeInit
    stm32f1xx_hal.o(i.HAL_Delay) refers to stm32f1xx_hal.o(i.HAL_GetTick) for HAL_GetTick
    stm32f1xx_hal.o(i.HAL_Delay) refers to stm32f1xx_hal.o(.data) for uwTickFreq
    stm32f1xx_hal.o(i.HAL_GetTick) refers to stm32f1xx_hal.o(.data) for uwTick
    stm32f1xx_hal.o(i.HAL_GetTickFreq) refers to stm32f1xx_hal.o(.data) for uwTickFreq
[...]
    ../clib/printf_percent.s                 0x00000000   Number         0  _printf_ll.o ABSOLUTE
    ../clib/signal.c                         0x00000000   Number         0  defsig_pvfn_inner.o ABSOLUTE
    ../clib/signal.c                         0x00000000   Number         0  defsig_cppl_inner.o ABSOLUTE
    ../clib/signal.c                         0x00000000   Number         0  defsig_segv_inner.o ABSOLUTE
    ../clib/signal.c                         0x00000000   Number         0  defsig_other.o ABSOLUTE
    ../clib/signal.c                         0x00000000   Number         0  defsig_exit.o ABSOLUTE
    ../clib/signal.c                         0x00000000   Number         0  __raise.o ABSOLUTE
    ../clib/signal.c                         0x00000000   Number         0  defsig_rtmem_outer.o ABSOLUTE
    ../clib/signal.c                         0x00000000   Number         0  defsig_rtmem_formal.o ABSOLUTE
    ../clib/signal.c                         0x00000000   Number         0  defsig_rtmem_inner.o ABSOLUTE
    ../clib/signal.c                         0x00000000   Number         0  defsig_general.o ABSOLUTE
    ../clib/signal.c                         0x00000000   Number         0  defsig_abrt_inner.o ABSOLUTE
    ../clib/signal.c                         0x00000000   Number         0  defsig_fpe_inner.o ABSOLUTE
    ../clib/signal.c                         0x00000000   Number         0  defsig_rtred_inner.o ABSOLUTE
    ../clib/signal.c                         0x00000000   Number         0  defsig_stak_inner.o ABSOLUTE
    ../clib/signal.s                         0x00000000   Number         0  defsig.o ABSOLUTE
    ../clib/stdio.c                          0x00000000   Number         0  ferror_locked.o ABSOLUTE
    ../clib/stdio.c                          0x00000000   Number         0  ferror.o ABSOLUTE
    ../clib/stdlib.c                         0x00000000   Number         0  exit.o ABSOLUTE
    ../fplib/d2f.s                           0x00000000   Number         0  d2f.o ABSOLUTE
    ../fplib/daddsub.s                       0x00000000   Number         0  daddsub_clz.o ABSOLUTE
    ../fplib/dcmpi.s                         0x00000000   Number         0  dcmpi.o ABSOLUTE
    ../fplib/ddiv.s                          0x00000000   Number         0  ddiv.o ABSOLUTE
    ../fplib/dfixu.s                         0x00000000   Number         0  dfixu.o ABSOLUTE
    ../fplib/dfltll.s                        0x00000000   Number         0  dfltll_clz.o ABSOLUTE
    ../fplib/dleqf.s                         0x00000000   Number         0  dleqf.o ABSOLUTE
    ../fplib/dmul.s                          0x00000000   Number         0  dmul.o ABSOLUTE
    ../fplib/dnaninf.s                       0x00000000   Number         0  dnaninf.o ABSOLUTE
    ../fplib/dretinf.s                       0x00000000   Number         0  dretinf.o ABSOLUTE
    ../fplib/drleqf.s                        0x00000000   Number         0  drleqf.o ABSOLUTE
    ../fplib/f2d.s                           0x00000000   Number         0  f2d.o ABSOLUTE
    ../fplib/faddsub.s                       0x00000000   Number         0  faddsub_clz.o ABSOLUTE
    ../fplib/ffixu.s                         0x00000000   Number         0  ffixu.o ABSOLUTE
    ../fplib/fflt.s                          0x00000000   Number         0  fflt_clz.o ABSOLUTE
    ../fplib/fmul.s                          0x00000000   Number         0  fmul.o ABSOLUTE
    ../fplib/fnaninf.s                       0x00000000   Number         0  fnaninf.o ABSOLUTE
    ../fplib/fpinit.s                        0x00000000   Number         0  fpinit.o ABSOLUTE
    ../fplib/fretinf.s                       0x00000000   Number         0  fretinf.o ABSOLUTE
    ../fplib/usenofp.s                       0x00000000   Number         0  usenofp.o ABSOLUTE
    ..\CORE\startup_stm32f103xe.s            0x00000000   Number         0  startup_stm32f103xe.o ABSOLUTE
    ..\HALLIB\STM32F1xx_HAL_Driver\Src\stm32f1xx_hal.c 0x00000000   Number         0  stm32f1xx_hal.o ABSOLUTE
    ..\HALLIB\STM32F1xx_HAL_Driver\Src\stm32f1xx_hal_cortex.c 0x00000000   Number         0  stm32f1xx_hal_cortex.o ABSOLUTE
    ..\HALLIB\STM32F1xx_HAL_Driver\Src\stm32f1xx_hal_dma.c 0x00000000   Number         0  stm32f1xx_hal_dma.o ABSOLUTE
    ..\HALLIB\STM32F1xx_HAL_Driver\Src\stm32f1xx_hal_gpio.c 0x00000000   Number         0  stm32f1xx_hal_gpio.o ABSOLUTE
    ..\HALLIB\STM32F1xx_HAL_Driver\Src\stm32f1xx_hal_gpio_ex.c 0x00000000   Number         0  stm32f1xx_hal_gpio_ex.o ABSOLUTE
    ..\HALLIB\STM32F1xx_HAL_Driver\Src\stm32f1xx_hal_pwr.c 0x00000000   Number         0  stm32f1xx_hal_pwr.o ABSOLUTE
    ..\HALLIB\STM32F1xx_HAL_Driver\Src\stm32f1xx_hal_rcc.c 0x00000000   Number         0  stm32f1xx_hal_rcc.o ABSOLUTE
    ..\HALLIB\STM32F1xx_HAL_Driver\Src\stm32f1xx_hal_rcc_ex.c 0x00000000   Number         0  stm32f1xx_hal_rcc_ex.o ABSOLUTE
    ..\HALLIB\STM32F1xx_HAL_Driver\Src\stm32f1xx_hal_tim.c 0x00000000   Number         0  stm32f1xx_hal_tim.o ABSOLUTE
    ..\HALLIB\STM32F1xx_HAL_Driver\Src\stm32f1xx_hal_tim_ex.c 0x00000000   Number         0  stm32f1xx_hal_tim_ex.o ABSOLUTE
    ..\HALLIB\STM32F1xx_HAL_Driver\Src\stm32f1xx_hal_uart.c 0x00000000   Number         0  stm32f1xx_hal_uart.o ABSOLUTE
    ..\HALLIB\STM32F1xx_HAL_Driver\Src\stm32f1xx_hal_usart.c 0x00000000   Number         0  stm32f1xx_hal_usart.o ABSOLUTE
    ..\HARDWARE\KEY\key.c                    0x00000000   Number         0  key.o ABSOLUTE
    ..\HARDWARE\LED\led.c                    0x00000000   Number         0  led.o ABSOLUTE
    ..\HARDWARE\MOTOR\motor.c                0x00000000   Number         0  motor.o ABSOLUTE
    ..\HARDWARE\TIMER\timer.c                0x00000000   Number         0  timer.o ABSOLUTE
    ..\SYSTEM\delay\delay.c                  0x00000000   Number         0  delay.o ABSOLUTE
    ..\SYSTEM\sys\sys.c                      0x00000000   Number         0  sys.o ABSOLUTE
    ..\SYSTEM\usart\usart.c                  0x00000000   Number         0  usart.o ABSOLUTE
    ..\\HALLIB\\STM32F1xx_HAL_Driver\\Src\\stm32f1xx_hal.c 0x00000000   Number         0  stm32f1xx_hal.o ABSOLUTE
    ..\\HALLIB\\STM32F1xx_HAL_Driver\\Src\\stm32f1xx_hal_cortex.c 0x00000000   Number         0  stm32f1xx_hal_cortex.o ABSOLUTE
    ..\\HALLIB\\STM32F1xx_HAL_Driver\\Src\\stm32f1xx_hal_dma.c 0x00000000   Number         0  stm32f1xx_hal_dma.o ABSOLUTE
    ..\\HALLIB\\STM32F1xx_HAL_Driver\\Src\\stm32f1xx_hal_gpio.c 0x00000000   Number         0  stm32f1xx_hal_gpio.o ABSOLUTE
    ..\\HALLIB\\STM32F1xx_HAL_Driver\\Src\\stm32f1xx_hal_gpio_ex.c 0x00000000   Number         0  stm32f1xx_hal_gpio_ex.o ABSOLUTE
    ..\\HALLIB\\STM32F1xx_HAL_Driver\\Src\\stm32f1xx_hal_pwr.c 0x00000000   Number         0  stm32f1xx_hal_pwr.o ABSOLUTE
    ..\\HALLIB\\STM32F1xx_HAL_Driver\\Src\\stm32f1xx_hal_rcc.c 0x00000000   Number         0  stm32f1xx_hal_rcc.o ABSOLUTE
    ..\\HALLIB\\STM32F1xx_HAL_Driver\\Src\\stm32f1xx_hal_rcc_ex.c 0x00000000   Number         0  stm32f1xx_hal_rcc_ex.o ABSOLUTE
    ..\\HALLIB\\STM32F1xx_HAL_Driver\\Src\\stm32f1xx_hal_tim.c 0x00000000   Number         0  stm32f1xx_hal_tim.o ABSOLUTE
    ..\\HALLIB\\STM32F1xx_HAL_Driver\\Src\\stm32f1xx_hal_tim_ex.c 0x00000000   Number         0  stm32f1xx_hal_tim_ex.o ABSOLUTE
    ..\\HALLIB\\STM32F1xx_HAL_Driver\\Src\\stm32f1xx_hal_uart.c 0x00000000   Number         0  stm32f1xx_hal_uart.o ABSOLUTE
    ..\\HALLIB\\STM32F1xx_HAL_Driver\\Src\\stm32f1xx_hal_usart.c 0x00000000   Number         0  stm32f1xx_hal_usart.o ABSOLUTE
    ..\\HARDWARE\\KEY\\key.c                 0x00000000   Number         0  key.o ABSOLUTE
    ..\\HARDWARE\\LED\\led.c                 0x00000000   Number         0  led.o ABSOLUTE
    ..\\HARDWARE\\MOTOR\\motor.c             0x00000000   Number         0  motor.o ABSOLUTE
    ..\\HARDWARE\\TIMER\\timer.c             0x00000000   Number         0  timer.o ABSOLUTE
    ..\\SYSTEM\\delay\\delay.c               0x00000000   Number         0  delay.o ABSOLUTE
    ..\\SYSTEM\\sys\\sys.c                   0x00000000   Number         0  sys.o ABSOLUTE
    ..\\SYSTEM\\usart\\usart.c               0x00000000   Number         0  usart.o ABSOLUTE
    dc.s                                     0x00000000   Number         0  dc.o ABSOLUTE
    main.c                                   0x00000000   Number         0  main.o ABSOLUTE
    main.c                                   0x00000000   Number         0  main.o ABSOLUTE
    stm32f1xx_hal_msp.c                      0x00000000   Number         0  stm32f1xx_hal_msp.o ABSOLUTE
    stm32f1xx_hal_msp.c                      0x00000000   Number         0  stm32f1xx_hal_msp.o ABSOLUTE
    stm32f1xx_it.c                           0x00000000   Number         0  stm32f1xx_it.o ABSOLUTE
    stm32f1xx_it.c                           0x00000000   Number         0  stm32f1xx_it.o ABSOLUTE
    system_stm32f1xx.c                       0x00000000   Number         0  system_stm32f1xx.o ABSOLUTE
    system_stm32f1xx.c                       0x00000000   Number         0  system_stm32f1xx.o ABSOLUTE
    RESET                                    0x08000000   Section      304  startup_stm32f103xe.o(RESET)
    !!!main                                  0x08000130   Section        8  __main.o(!!!main)
    !!!scatter                               0x08000138   Section       52  __scatter.o(!!!scatter)
    !!handler_copy                           0x0800016c   Section       26  __scatter_copy.o(!!handler_copy)
    !!handler_zi                             0x08000188   Section       28  __scatter_zi.o(!!handler_zi)
    .ARM.Collect$$_printf_percent$$00000000  0x080001a4   Section        0  _printf_percent.o(.ARM.Collect$$_printf_percent$$00000000)
    .ARM.Collect$$_printf_percent$$00000007  0x080001a4   Section       10  _printf_ll.o(.ARM.Collect$$_printf_percent$$00000007)
    .ARM.Collect$$_printf_percent$$0000000E  0x080001ae   Section        6  _printf_lld.o(.ARM.Collect$$_printf_percent$$0000000E)
    .ARM.Collect$$_printf_percent$$00000017  0x080001b4   Section        4  _printf_percent_end.o(.ARM.Collect$$_printf_percent$$00000017)
    .ARM.Collect$$libinit$$00000000          0x080001b8   Section        2  libinit.o(.ARM.Collect$$libinit$$00000000)
    .ARM.Collect$$libinit$$00000002          0x080001ba   Section        0  libinit2.o(.ARM.Collect$$libinit$$00000002)
    .ARM.Collect$$libinit$$00000004          0x080001ba   Section        0  libinit2.o(.ARM.Collect$$libinit$$00000004)
    .ARM.Collect$$libinit$$0000000A          0x080001ba   Section        0  libinit2.o(.ARM.Collect$$libinit$$0000000A)
    .ARM.Collect$$libinit$$0000000C          0x080001ba   Section        0  libinit2.o(.ARM.Collect$$libinit$$0000000C)
    .ARM.Collect$$libinit$$0000000E          0x080001ba   Section        0  libinit2.o(.ARM.Collect$$libinit$$0000000E)
    .ARM.Collect$$libinit$$00000011          0x080001ba   Section        0  libinit2.o(.ARM.Collect$$libinit$$00000011)
    .ARM.Collect$$libinit$$00000013          0x080001ba   Section        0  libinit2.o(.ARM.Collect$$libinit$$00000013)
    .ARM.Collect$$libinit$$00000015          0x080001ba   Section        0  libinit2.o(.ARM.Collect$$libinit$$00000015)
    .ARM.Collect$$libinit$$00000017          0x080001ba   Section        0  libinit2.o(.ARM.Collect$$libinit$$00000017)
    .ARM.Collect$$libinit$$00000019          0x080001ba   Section        0  libinit2.o(.ARM.Collect$$libinit$$00000019)
    .ARM.Collect$$libinit$$0000001B          0x080001ba   Section        0  libinit2.o(.ARM.Collect$$libinit$$0000001B)
    .ARM.Collect$$libinit$$0000001D          0x080001ba   Section        0  libinit2.o(.ARM.Collect$$libinit$$0000001D)
    .ARM.Collect$$libinit$$0000001F          0x080001ba   Section        0  libinit2.o(.ARM.Collect$$libinit$$0000001F)
    .ARM.Collect$$libinit$$00000021          0x080001ba   Section        0  libinit2.o(.ARM.Collect$$libinit$$00000021)
    .ARM.Collect$$libinit$$00000023          0x080001ba   Section        0  libinit2.o(.ARM.Collect$$libinit$$00000023)
    .ARM.Collect$$libinit$$00000025          0x080001ba   Section        0  libinit2.o(.ARM.Collect$$libinit$$00000025)
    .ARM.Collect$$libinit$$0000002C          0x080001ba   Section        0  libinit2.o(.ARM.Collect$$libinit$$0000002C)
    .ARM.Collect$$libinit$$0000002E          0x080001ba   Section        0  libinit2.o(.ARM.Collect$$libinit$$0000002E)
    .ARM.Collect$$libinit$$00000030          0x080001ba   Section        0  libinit2.o(.ARM.Collect$$libinit$$00000030)
    .ARM.Collect$$libinit$$00000032          0x080001ba   Section        0  libinit2.o(.ARM.Collect$$libinit$$00000032)
    .ARM.Collect$$libinit$$00000033          0x080001ba   Section        2  libinit2.o(.ARM.Collect$$libinit$$00000033)
    .ARM.Collect$$libshutdown$$00000000      0x080001bc   Section        2  libshutdown.o(.ARM.Collect$$libshutdown$$00000000)
    .ARM.Collect$$libshutdown$$00000002      0x080001be   Section        0  libshutdown2.o(.ARM.Collect$$libshutdown$$00000002)
    .ARM.Collect$$libshutdown$$00000004      0x080001be   Section        0  libshutdown2.o(.ARM.Collect$$libshutdown$$00000004)
    .ARM.Collect$$libshutdown$$00000007      0x080001be   Section        0  libshutdown2.o(.ARM.Collect$$libshutdown$$00000007)
    .ARM.Collect$$libshutdown$$0000000A      0x080001be   Section        0  libshutdown2.o(.ARM.Collect$$libshutdown$$0000000A)
    .ARM.Collect$$libshutdown$$0000000C      0x080001be   Section        0  libshutdown2.o(.ARM.Collect$$libshutdown$$0000000C)
    .ARM.Collect$$libshutdown$$0000000F      0x080001be   Section        0  libshutdown2.o(.ARM.Collect$$libshutdown$$0000000F)
    .ARM.Collect$$libshutdown$$00000010      0x080001be   Section        2  libshutdown2.o(.ARM.Collect$$libshutdown$$00000010)
    .ARM.Collect$$rtentry$$00000000          0x080001c0   Section        0  __rtentry.o(.ARM.Collect$$rtentry$$00000000)
    .ARM.Collect$$rtentry$$00000002          0x080001c0   Section        0  __rtentry2.o(.ARM.Collect$$rtentry$$00000002)
    .ARM.Collect$$rtentry$$00000004          0x080001c0   Section        6  __rtentry4.o(.ARM.Collect$$rtentry$$00000004)
    .ARM.Collect$$rtentry$$00000009          0x080001c6   Section        0  __rtentry2.o(.ARM.Collect$$rtentry$$00000009)
    .ARM.Collect$$rtentry$$0000000A          0x080001c6   Section        4  __rtentry2.o(.ARM.Collect$$rtentry$$0000000A)
    .ARM.Collect$$rtentry$$0000000C          0x080001ca   Section        0  __rtentry2.o(.ARM.Collect$$rtentry$$0000000C)
    .ARM.Collect$$rtentry$$0000000D          0x080001ca   Section        8  __rtentry2.o(.ARM.Collect$$rtentry$$0000000D)
    .ARM.Collect$$rtexit$$00000000           0x080001d2   Section        2  rtexit.o(.ARM.Collect$$rtexit$$00000000)
    .ARM.Collect$$rtexit$$00000002           0x080001d4   Section        0  rtexit2.o(.ARM.Collect$$rtexit$$00000002)
    .ARM.Collect$$rtexit$$00000003           0x080001d4   Section        4  rtexit2.o(.ARM.Collect$$rtexit$$00000003)
    .ARM.Collect$$rtexit$$00000004           0x080001d8   Section        6  rtexit2.o(.ARM.Collect$$rtexit$$00000004)
    .text                                    0x080001e0   Section       64  startup_stm32f103xe.o(.text)
    .text                                    0x08000220   Section        2  use_no_semi_2.o(.text)
    .text                                    0x08000224   Section        0  noretval__2printf.o(.text)
    .text                                    0x0800023c   Section        0  _printf_longlong_dec.o(.text)
    .text                                    0x080002b8   Section        0  __printf_ss.o(.text)
    .text                                    0x08000370   Section        0  heapauxi.o(.text)
    .text                                    0x08000376   Section        2  use_no_semi.o(.text)
    .text                                    0x08000378   Section      138  lludiv10.o(.text)
    .text                                    0x08000402   Section        0  _printf_intcommon.o(.text)
    .text                                    0x080004b4   Section        0  _printf_char_file.o(.text)
    .text                                    0x080004d8   Section        0  _printf_char_common.o(.text)
    _printf_input_char                       0x080004d9   Thumb Code    10  _printf_char_common.o(.text)
    .text                                    0x08000508   Section        0  ferror.o(.text)
    .text                                    0x08000510   Section       74  sys_stackheap_outer.o(.text)
    .text                                    0x0800055a   Section        0  exit.o(.text)
    .text                                    0x0800056c   Section        8  libspace.o(.text)
    i.BusFault_Handler                       0x08000574   Section        0  stm32f1xx_it.o(i.BusFault_Handler)
    i.DebugMon_Handler                       0x08000578   Section        0  stm32f1xx_it.o(i.DebugMon_Handler)
    i.HAL_DMA_Abort_IT                       0x0800057c   Section        0  stm32f1xx_hal_dma.o(i.HAL_DMA_Abort_IT)
    i.HAL_GPIO_Init                          0x08000724   Section        0  stm32f1xx_hal_gpio.o(i.HAL_GPIO_Init)
    i.HAL_GPIO_WritePin                      0x08000a64   Section        0  stm32f1xx_hal_gpio.o(i.HAL_GPIO_WritePin)
    i.HAL_GetTick                            0x08000a70   Section        0  stm32f1xx_hal.o(i.HAL_GetTick)
    i.HAL_IncTick                            0x08000a7c   Section        0  stm32f1xx_hal.o(i.HAL_IncTick)
    i.HAL_Init                               0x08000a94   Section        0  stm32f1xx_hal.o(i.HAL_Init)
    i.HAL_InitTick                           0x08000abc   Section        0  stm32f1xx_hal.o(i.HAL_InitTick)
    i.HAL_MspInit                            0x08000b08   Section        0  stm32f1xx_hal_msp.o(i.HAL_MspInit)
    i.HAL_NVIC_EnableIRQ                     0x08000b0a   Section        0  stm32f1xx_hal_cortex.o(i.HAL_NVIC_EnableIRQ)
    i.HAL_NVIC_SetPriority                   0x08000b2a   Section        0  stm32f1xx_hal_cortex.o(i.HAL_NVIC_SetPriority)
    i.HAL_NVIC_SetPriorityGrouping           0x08000ba8   Section        0  stm32f1xx_hal_cortex.o(i.HAL_NVIC_SetPriorityGrouping)
    i.HAL_RCC_ClockConfig                    0x08000bd0   Section        0  stm32f1xx_hal_rcc.o(i.HAL_RCC_ClockConfig)
    i.HAL_RCC_GetHCLKFreq                    0x08000d5c   Section        0  stm32f1xx_hal_rcc.o(i.HAL_RCC_GetHCLKFreq)
    i.HAL_RCC_GetPCLK1Freq                   0x08000d68   Section        0  stm32f1xx_hal_rcc.o(i.HAL_RCC_GetPCLK1Freq)
    i.HAL_RCC_GetPCLK2Freq                   0x08000d88   Section        0  stm32f1xx_hal_rcc.o(i.HAL_RCC_GetPCLK2Freq)
    i.HAL_RCC_GetSysClockFreq                0x08000da8   Section        0  stm32f1xx_hal_rcc.o(i.HAL_RCC_GetSysClockFreq)
    i.HAL_RCC_OscConfig                      0x08000e3c   Section        0  stm32f1xx_hal_rcc.o(i.HAL_RCC_OscConfig)
    i.HAL_SYSTICK_CLKSourceConfig            0x080012a0   Section        0  stm32f1xx_hal_cortex.o(i.HAL_SYSTICK_CLKSourceConfig)
    i.HAL_SYSTICK_Config                     0x080012c8   Section        0  stm32f1xx_hal_cortex.o(i.HAL_SYSTICK_Config)
    i.HAL_TIMEx_BreakCallback                0x080012fc   Section        0  stm32f1xx_hal_tim_ex.o(i.HAL_TIMEx_BreakCallback)
    i.HAL_TIMEx_CommutCallback               0x080012fe   Section        0  stm32f1xx_hal_tim_ex.o(i.HAL_TIMEx_CommutCallback)
    i.HAL_TIM_IC_CaptureCallback             0x08001300   Section        0  timer.o(i.HAL_TIM_IC_CaptureCallback)
    i.HAL_TIM_IC_ConfigChannel               0x080013d8   Section        0  stm32f1xx_hal_tim.o(i.HAL_TIM_IC_ConfigChannel)
    i.HAL_TIM_IC_Init                        0x080014b8   Section        0  stm32f1xx_hal_tim.o(i.HAL_TIM_IC_Init)
    i.HAL_TIM_IC_MspInit                     0x080014ec   Section        0  timer.o(i.HAL_TIM_IC_MspInit)
    i.HAL_TIM_IC_Start_IT                    0x0800155c   Section        0  stm32f1xx_hal_tim.o(i.HAL_TIM_IC_Start_IT)
    i.HAL_TIM_IRQHandler                     0x080015d4   Section        0  stm32f1xx_hal_tim.o(i.HAL_TIM_IRQHandler)
    i.HAL_TIM_OC_DelayElapsedCallback        0x0800176a   Section        0  stm32f1xx_hal_tim.o(i.HAL_TIM_OC_DelayElapsedCallback)
    i.HAL_TIM_PWM_ConfigChannel              0x0800176c   Section        0  stm32f1xx_hal_tim.o(i.HAL_TIM_PWM_ConfigChannel)
    i.HAL_TIM_PWM_Init                       0x08001874   Section        0  stm32f1xx_hal_tim.o(i.HAL_TIM_PWM_Init)
    i.HAL_TIM_PWM_MspInit                    0x080018a8   Section        0  timer.o(i.HAL_TIM_PWM_MspInit)
    i.HAL_TIM_PWM_PulseFinishedCallback      0x08001930   Section        0  stm32f1xx_hal_tim.o(i.HAL_TIM_PWM_PulseFinishedCallback)
    i.HAL_TIM_PWM_Start                      0x08001934   Section        0  stm32f1xx_hal_tim.o(i.HAL_TIM_PWM_Start)
    i.HAL_TIM_PeriodElapsedCallback          0x0800198c   Section        0  timer.o(i.HAL_TIM_PeriodElapsedCallback)
    i.HAL_TIM_ReadCapturedValue              0x080019d8   Section        0  stm32f1xx_hal_tim.o(i.HAL_TIM_ReadCapturedValue)
    i.HAL_TIM_TriggerCallback                0x08001a0a   Section        0  stm32f1xx_hal_tim.o(i.HAL_TIM_TriggerCallback)
    i.HAL_UART_ErrorCallback                 0x08001a0c   Section        0  stm32f1xx_hal_uart.o(i.HAL_UART_ErrorCallback)
    i.HAL_UART_GetState                      0x08001a0e   Section        0  stm32f1xx_hal_uart.o(i.HAL_UART_GetState)
    i.HAL_UART_IRQHandler                    0x08001a24   Section        0  stm32f1xx_hal_uart.o(i.HAL_UART_IRQHandler)
    i.HAL_UART_Init                          0x08001b70   Section        0  stm32f1xx_hal_uart.o(i.HAL_UART_Init)
    i.HAL_UART_MspInit                       0x08001be4   Section        0  usart.o(i.HAL_UART_MspInit)
    i.HAL_UART_Receive_IT                    0x08001c8c   Section        0  stm32f1xx_hal_uart.o(i.HAL_UART_Receive_IT)
    i.HAL_UART_RxCpltCallback                0x08001cfc   Section        0  usart.o(i.HAL_UART_RxCpltCallback)
    i.HAL_UART_TxCpltCallback                0x08001d84   Section        0  stm32f1xx_hal_uart.o(i.HAL_UART_TxCpltCallback)
    i.HardFault_Handler                      0x08001d86   Section        0  stm32f1xx_it.o(i.HardFault_Handler)
    i.LED_Init                               0x08001d8c   Section        0  led.o(i.LED_Init)
    i.MemManage_Handler                      0x08001e0c   Section        0  stm32f1xx_it.o(i.MemManage_Handler)
    i.NMI_Handler                            0x08001e10   Section        0  stm32f1xx_it.o(i.NMI_Handler)
    i.PendSV_Handler                         0x08001e12   Section        0  stm32f1xx_it.o(i.PendSV_Handler)
    i.RCC_Delay                              0x08001e14   Section        0  stm32f1xx_hal_rcc.o(i.RCC_Delay)
    RCC_Delay                                0x08001e15   Thumb Code    36  stm32f1xx_hal_rcc.o(i.RCC_Delay)
    i.SVC_Handler                            0x08001e3c   Section        0  stm32f1xx_it.o(i.SVC_Handler)
    i.Stm32_Clock_Init                       0x08001e3e   Section        0  sys.o(i.Stm32_Clock_Init)
    i.SysTick_Handler                        0x08001e94   Section        0  stm32f1xx_it.o(i.SysTick_Handler)
    i.SystemInit                             0x08001e9c   Section        0  system_stm32f1xx.o(i.SystemInit)
    i.TIM3_IRQHandler                        0x08001ef4   Section        0  timer.o(i.TIM3_IRQHandler)
    i.TIM3_PWM_Init                          0x08001f04   Section        0  timer.o(i.TIM3_PWM_Init)
    i.TIM5_CH1_Cap_Init                      0x08001f58   Section        0  timer.o(i.TIM5_CH1_Cap_Init)
    i.TIM5_IRQHandler                        0x08001fc0   Section        0  timer.o(i.TIM5_IRQHandler)
    i.TIM_Base_SetConfig                     0x08001fd0   Section        0  stm32f1xx_hal_tim.o(i.TIM_Base_SetConfig)
    i.TIM_CCxChannelCmd                      0x0800206c   Section        0  stm32f1xx_hal_tim.o(i.TIM_CCxChannelCmd)
    i.TIM_OC1_SetConfig                      0x08002090   Section        0  stm32f1xx_hal_tim.o(i.TIM_OC1_SetConfig)
    TIM_OC1_SetConfig                        0x08002091   Thumb Code   104  stm32f1xx_hal_tim.o(i.TIM_OC1_SetConfig)
    i.TIM_OC2_SetConfig                      0x08002100   Section        0  stm32f1xx_hal_tim.o(i.TIM_OC2_SetConfig)
    i.TIM_OC3_SetConfig                      0x0800217c   Section        0  stm32f1xx_hal_tim.o(i.TIM_OC3_SetConfig)
    TIM_OC3_SetConfig                        0x0800217d   Thumb Code   112  stm32f1xx_hal_tim.o(i.TIM_OC3_SetConfig)
    i.TIM_OC4_SetConfig                      0x080021f4   Section        0  stm32f1xx_hal_tim.o(i.TIM_OC4_SetConfig)
    TIM_OC4_SetConfig                        0x080021f5   Thumb Code    74  stm32f1xx_hal_tim.o(i.TIM_OC4_SetConfig)
    i.TIM_SetTIM3Compare2                    0x08002248   Section        0  timer.o(i.TIM_SetTIM3Compare2)
    i.TIM_TI1_SetConfig                      0x08002254   Section        0  stm32f1xx_hal_tim.o(i.TIM_TI1_SetConfig)
    i.TIM_TI2_SetConfig                      0x080022d0   Section        0  stm32f1xx_hal_tim.o(i.TIM_TI2_SetConfig)
    TIM_TI2_SetConfig                        0x080022d1   Thumb Code    58  stm32f1xx_hal_tim.o(i.TIM_TI2_SetConfig)
    i.TIM_TI3_SetConfig                      0x0800230a   Section        0  stm32f1xx_hal_tim.o(i.TIM_TI3_SetConfig)
    TIM_TI3_SetConfig                        0x0800230b   Thumb Code    56  stm32f1xx_hal_tim.o(i.TIM_TI3_SetConfig)
    i.TIM_TI4_SetConfig                      0x08002342   Section        0  stm32f1xx_hal_tim.o(i.TIM_TI4_SetConfig)
    TIM_TI4_SetConfig                        0x08002343   Thumb Code    60  stm32f1xx_hal_tim.o(i.TIM_TI4_SetConfig)
    i.UART_DMAAbortOnError                   0x0800237e   Section        0  stm32f1xx_hal_uart.o(i.UART_DMAAbortOnError)
    UART_DMAAbortOnError                     0x0800237f   Thumb Code    20  stm32f1xx_hal_uart.o(i.UART_DMAAbortOnError)
    i.UART_EndRxTransfer                     0x08002392   Section        0  stm32f1xx_hal_uart.o(i.UART_EndRxTransfer)
    UART_EndRxTransfer                       0x08002393   Thumb Code    32  stm32f1xx_hal_uart.o(i.UART_EndRxTransfer)
    i.UART_EndTransmit_IT                    0x080023b2   Section        0  stm32f1xx_hal_uart.o(i.UART_EndTransmit_IT)
    UART_EndTransmit_IT                      0x080023b3   Thumb Code    32  stm32f1xx_hal_uart.o(i.UART_EndTransmit_IT)
    i.UART_Receive_IT                        0x080023d2   Section        0  stm32f1xx_hal_uart.o(i.UART_Receive_IT)
    UART_Receive_IT                          0x080023d3   Thumb Code   166  stm32f1xx_hal_uart.o(i.UART_Receive_IT)
    i.UART_SetConfig                         0x08002478   Section        0  stm32f1xx_hal_uart.o(i.UART_SetConfig)
    UART_SetConfig                           0x08002479   Thumb Code   412  stm32f1xx_hal_uart.o(i.UART_SetConfig)
    i.UART_Transmit_IT                       0x08002618   Section        0  stm32f1xx_hal_uart.o(i.UART_Transmit_IT)
    UART_Transmit_IT                         0x08002619   Thumb Code   104  stm32f1xx_hal_uart.o(i.UART_Transmit_IT)
    i.USART1_IRQHandler                      0x08002680   Section        0  usart.o(i.USART1_IRQHandler)
    i.UsageFault_Handler                     0x080026c0   Section        0  stm32f1xx_it.o(i.UsageFault_Handler)
    i.__NVIC_GetPriorityGrouping             0x080026c4   Section        0  stm32f1xx_hal_cortex.o(i.__NVIC_GetPriorityGrouping)
    __NVIC_GetPriorityGrouping               0x080026c5   Thumb Code    10  stm32f1xx_hal_cortex.o(i.__NVIC_GetPriorityGrouping)
    i.__NVIC_SetPriority                     0x080026d4   Section        0  stm32f1xx_hal_cortex.o(i.__NVIC_SetPriority)
    __NVIC_SetPriority                       0x080026d5   Thumb Code    32  stm32f1xx_hal_cortex.o(i.__NVIC_SetPriority)
    i._sys_exit                              0x080026fc   Section        0  usart.o(i._sys_exit)
    i.delay_init                             0x08002700   Section        0  delay.o(i.delay_init)
    i.fputc                                  0x08002714   Section        0  usart.o(i.fputc)
    i.main                                   0x08002730   Section        0  main.o(i.main)
    i.uart_init                              0x08002960   Section        0  usart.o(i.uart_init)
    x$fpl$d2f                                0x08002998   Section       98  d2f.o(x$fpl$d2f)
    x$fpl$dadd                               0x080029fc   Section      336  daddsub_clz.o(x$fpl$dadd)
    _dadd1                                   0x08002a0d   Thumb Code     0  daddsub_clz.o(x$fpl$dadd)
    x$fpl$dcmpinf                            0x08002b4c   Section       24  dcmpi.o(x$fpl$dcmpinf)
    x$fpl$ddiv                               0x08002b64   Section      688  ddiv.o(x$fpl$ddiv)
    ddiv_entry                               0x08002b6b   Thumb Code     0  ddiv.o(x$fpl$ddiv)
    x$fpl$dfixu                              0x08002e14   Section       90  dfixu.o(x$fpl$dfixu)
    x$fpl$dfltll                             0x08002e70   Section      162  dfltll_clz.o(x$fpl$dfltll)
    x$fpl$dleqf                              0x08002f14   Section      120  dleqf.o(x$fpl$dleqf)
    x$fpl$dmul                               0x08002f8c   Section      340  dmul.o(x$fpl$dmul)
    x$fpl$dnaninf                            0x080030e0   Section      156  dnaninf.o(x$fpl$dnaninf)
    x$fpl$dretinf                            0x0800317c   Section       12  dretinf.o(x$fpl$dretinf)
    x$fpl$drleqf                             0x08003188   Section      108  drleqf.o(x$fpl$drleqf)
    x$fpl$dsub                               0x080031f4   Section      468  daddsub_clz.o(x$fpl$dsub)
    _dsub1                                   0x08003205   Thumb Code     0  daddsub_clz.o(x$fpl$dsub)
    x$fpl$f2d                                0x080033c8   Section       86  f2d.o(x$fpl$f2d)
    x$fpl$fadd                               0x08003420   Section      196  faddsub_clz.o(x$fpl$fadd)
    _fadd1                                   0x0800342f   Thumb Code     0  faddsub_clz.o(x$fpl$fadd)
    x$fpl$ffixu                              0x080034e4   Section       62  ffixu.o(x$fpl$ffixu)
    x$fpl$ffltu                              0x08003524   Section       38  fflt_clz.o(x$fpl$ffltu)
    x$fpl$fmul                               0x0800354c   Section      258  fmul.o(x$fpl$fmul)
    x$fpl$fnaninf                            0x0800364e   Section      140  fnaninf.o(x$fpl$fnaninf)
    x$fpl$fretinf                            0x080036da   Section       10  fretinf.o(x$fpl$fretinf)
    x$fpl$fsub                               0x080036e4   Section      234  faddsub_clz.o(x$fpl$fsub)
    _fsub1                                   0x080036f3   Thumb Code     0  faddsub_clz.o(x$fpl$fsub)
    .constdata                               0x080037ce   Section       24  system_stm32f1xx.o(.constdata)
    x$fpl$usenofp                            0x080037ce   Section        0  usenofp.o(x$fpl$usenofp)
    .data                                    0x20000000   Section       68  main.o(.data)
    .data                                    0x20000044   Section        4  system_stm32f1xx.o(.data)
    .data                                    0x20000048   Section        9  stm32f1xx_hal.o(.data)
    .data                                    0x20000054   Section        4  delay.o(.data)
    fac_us                                   0x20000054   Data           4  delay.o(.data)
    .data                                    0x20000058   Section        7  usart.o(.data)
    .data                                    0x20000060   Section        4  timer.o(.data)
    .bss                                     0x20000064   Section      264  usart.o(.bss)
    .bss                                     0x2000016c   Section      156  timer.o(.bss)
    .bss                                     0x20000208   Section       96  libspace.o(.bss)
    HEAP                                     0x20000268   Section      512  startup_stm32f103xe.o(HEAP)
    Heap_Mem                                 0x20000268   Data         512  startup_stm32f103xe.o(HEAP)
    STACK                                    0x20000468   Section     1024  startup_stm32f103xe.o(STACK)
    Stack_Mem                                0x20000468   Data        1024  startup_stm32f103xe.o(STACK)
    __initial_sp                             0x20000868   Data           0  startup_stm32f103xe.o(STACK)

    Global Symbols

    Symbol Name                              Value     Ov Type        Size  Object(Section)

    BuildAttributes$$THM_ISAv4$P$D$K$B$S$PE$A:L22UL41UL21$X:L11$S22US41US21$IEEE1$IW$USESV6$~STKCKD$USESV7$~SHL$OSPACE$ROPI$EBA8$UX$STANDARDLIB$REQ8$PRES8$EABIv2 0x00000000   Number         0  anon$$obj.o ABSOLUTE
    __ARM_use_no_argv                        0x00000000   Number         0  main.o ABSOLUTE
    _printf_flags                            0x00000000   Number         0  printf_stubs.o ABSOLUTE
    _printf_return_value                     0x00000000   Number         0  printf_stubs.o ABSOLUTE
    _printf_sizespec                         0x00000000   Number         0  printf_stubs.o ABSOLUTE
    _printf_widthprec                        0x00000000   Number         0  printf_stubs.o ABSOLUTE
    __ARM_exceptions_init                     - Undefined Weak Reference
    __alloca_initialize                       - Undefined Weak Reference
    __arm_preinit_                            - Undefined Weak Reference
    __cpp_initialize__aeabi_                  - Undefined Weak Reference
    __cxa_finalize                            - Undefined Weak Reference
    __rt_locale                               - Undefined Weak Reference
    __sigvec_lookup                           - Undefined Weak Reference
    _atexit_init                              - Undefined Weak Reference
    _call_atexit_fns                          - Undefined Weak Reference
    _clock_init                               - Undefined Weak Reference
    _fp_trap_init                             - Undefined Weak Reference
    _fp_trap_shutdown                         - Undefined Weak Reference
    _get_lc_collate                           - Undefined Weak Reference
    _get_lc_ctype                             - Undefined Weak Reference
    _get_lc_monetary                          - Undefined Weak Reference
    _get_lc_numeric                           - Undefined Weak Reference
    _get_lc_time                              - Undefined Weak Reference
    _getenv_init                              - Undefined Weak Reference
    _handle_redirection                       - Undefined Weak Reference
    _init_alloc                               - Undefined Weak Reference
    _init_user_alloc                          - Undefined Weak Reference
    _initio                                   - Undefined Weak Reference
    _mutex_acquire                            - Undefined Weak Reference
    _mutex_release                            - Undefined Weak Reference
    _printf_post_padding                      - Undefined Weak Reference
    _printf_pre_padding                       - Undefined Weak Reference
    _rand_init                                - Undefined Weak Reference
    _signal_finish                            - Undefined Weak Reference
    _signal_init                              - Undefined Weak Reference
    _terminate_alloc                          - Undefined Weak Reference
    _terminate_user_alloc                     - Undefined Weak Reference
    _terminateio                              - Undefined Weak Reference
    __Vectors_Size                           0x00000130   Number         0  startup_stm32f103xe.o ABSOLUTE
    __Vectors                                0x08000000   Data           4  startup_stm32f103xe.o(RESET)
    __Vectors_End                            0x08000130   Data           0  startup_stm32f103xe.o(RESET)
    __main                                   0x08000131   Thumb Code     8  __main.o(!!!main)
    __scatterload                            0x08000139   Thumb Code     0  __scatter.o(!!!scatter)
    __scatterload_rt2                        0x08000139   Thumb Code    44  __scatter.o(!!!scatter)
    __scatterload_rt2_thumb_only             0x08000139   Thumb Code     0  __scatter.o(!!!scatter)
    __scatterload_null                       0x08000147   Thumb Code     0  __scatter.o(!!!scatter)
    __scatterload_copy                       0x0800016d   Thumb Code    26  __scatter_copy.o(!!handler_copy)
    __scatterload_zeroinit                   0x08000189   Thumb Code    28  __scatter_zi.o(!!handler_zi)
    _printf_ll                               0x080001a5   Thumb Code     0  _printf_ll.o(.ARM.Collect$$_printf_percent$$00000007)
    _printf_percent                          0x080001a5   Thumb Code     0  _printf_percent.o(.ARM.Collect$$_printf_percent$$00000000)
    _printf_lld                              0x080001af   Thumb Code     0  _printf_lld.o(.ARM.Collect$$_printf_percent$$0000000E)
    _printf_percent_end                      0x080001b5   Thumb Code     0  _printf_percent_end.o(.ARM.Collect$$_printf_percent$$00000017)
    __rt_lib_init                            0x080001b9   Thumb Code     0  libinit.o(.ARM.Collect$$libinit$$00000000)
    __rt_lib_init_alloca_1                   0x080001bb   Thumb Code     0  libinit2.o(.ARM.Collect$$libinit$$0000002E)
    __rt_lib_init_argv_1                     0x080001bb   Thumb Code     0  libinit2.o(.ARM.Collect$$libinit$$0000002C)
    __rt_lib_init_atexit_1                   0x080001bb   Thumb Code     0  libinit2.o(.ARM.Collect$$libinit$$0000001B)
    __rt_lib_init_clock_1                    0x080001bb   Thumb Code     0  libinit2.o(.ARM.Collect$$libinit$$00000021)
    __rt_lib_init_cpp_1                      0x080001bb   Thumb Code     0  libinit2.o(.ARM.Collect$$libinit$$00000032)
    __rt_lib_init_exceptions_1               0x080001bb   Thumb Code     0  libinit2.o(.ARM.Collect$$libinit$$00000030)
    __rt_lib_init_fp_1                       0x080001bb   Thumb Code     0  libinit2.o(.ARM.Collect$$libinit$$00000002)
    __rt_lib_init_fp_trap_1                  0x080001bb   Thumb Code     0  libinit2.o(.ARM.Collect$$libinit$$0000001F)
    __rt_lib_init_getenv_1                   0x080001bb   Thumb Code     0  libinit2.o(.ARM.Collect$$libinit$$00000023)
    __rt_lib_init_heap_1                     0x080001bb   Thumb Code     0  libinit2.o(.ARM.Collect$$libinit$$0000000A)
    __rt_lib_init_lc_collate_1               0x080001bb   Thumb Code     0  libinit2.o(.ARM.Collect$$libinit$$00000011)
    __rt_lib_init_lc_ctype_1                 0x080001bb   Thumb Code     0  libinit2.o(.ARM.Collect$$libinit$$00000013)
    __rt_lib_init_lc_monetary_1              0x080001bb   Thumb Code     0  libinit2.o(.ARM.Collect$$libinit$$00000015)
    __rt_lib_init_lc_numeric_1               0x080001bb   Thumb Code     0  libinit2.o(.ARM.Collect$$libinit$$00000017)
    __rt_lib_init_lc_time_1                  0x080001bb   Thumb Code     0  libinit2.o(.ARM.Collect$$libinit$$00000019)
    __rt_lib_init_preinit_1                  0x080001bb   Thumb Code     0  libinit2.o(.ARM.Collect$$libinit$$00000004)
    __rt_lib_init_rand_1                     0x080001bb   Thumb Code     0  libinit2.o(.ARM.Collect$$libinit$$0000000E)
    __rt_lib_init_return                     0x080001bb   Thumb Code     0  libinit2.o(.ARM.Collect$$libinit$$00000033)
    __rt_lib_init_signal_1                   0x080001bb   Thumb Code     0  libinit2.o(.ARM.Collect$$libinit$$0000001D)
    __rt_lib_init_stdio_1                    0x080001bb   Thumb Code     0  libinit2.o(.ARM.Collect$$libinit$$00000025)
    __rt_lib_init_user_alloc_1               0x080001bb   Thumb Code     0  libinit2.o(.ARM.Collect$$libinit$$0000000C)
    __rt_lib_shutdown                        0x080001bd   Thumb Code     0  libshutdown.o(.ARM.Collect$$libshutdown$$00000000)
    __rt_lib_shutdown_cpp_1                  0x080001bf   Thumb Code     0  libshutdown2.o(.ARM.Collect$$libshutdown$$00000002)
    __rt_lib_shutdown_fp_trap_1              0x080001bf   Thumb Code     0  libshutdown2.o(.ARM.Collect$$libshutdown$$00000007)
    __rt_lib_shutdown_heap_1                 0x080001bf   Thumb Code     0  libshutdown2.o(.ARM.Collect$$libshutdown$$0000000F)
    __rt_lib_shutdown_return                 0x080001bf   Thumb Code     0  libshutdown2.o(.ARM.Collect$$libshutdown$$00000010)
    __rt_lib_shutdown_signal_1               0x080001bf   Thumb Code     0  libshutdown2.o(.ARM.Collect$$libshutdown$$0000000A)
    __rt_lib_shutdown_stdio_1                0x080001bf   Thumb Code     0  libshutdown2.o(.ARM.Collect$$libshutdown$$00000004)
    __rt_lib_shutdown_user_alloc_1           0x080001bf   Thumb Code     0  libshutdown2.o(.ARM.Collect$$libshutdown$$0000000C)
    __rt_entry                               0x080001c1   Thumb Code     0  __rtentry.o(.ARM.Collect$$rtentry$$00000000)
    __rt_entry_presh_1                       0x080001c1   Thumb Code     0  __rtentry2.o(.ARM.Collect$$rtentry$$00000002)
    __rt_entry_sh                            0x080001c1   Thumb Code     0  __rtentry4.o(.ARM.Collect$$rtentry$$00000004)
    __rt_entry_li                            0x080001c7   Thumb Code     0  __rtentry2.o(.ARM.Collect$$rtentry$$0000000A)
    __rt_entry_postsh_1                      0x080001c7   Thumb Code     0  __rtentry2.o(.ARM.Collect$$rtentry$$00000009)
    __rt_entry_main                          0x080001cb   Thumb Code     0  __rtentry2.o(.ARM.Collect$$rtentry$$0000000D)
    __rt_entry_postli_1                      0x080001cb   Thumb Code     0  __rtentry2.o(.ARM.Collect$$rtentry$$0000000C)
    __rt_exit                                0x080001d3   Thumb Code     0  rtexit.o(.ARM.Collect$$rtexit$$00000000)
    __rt_exit_ls                             0x080001d5   Thumb Code     0  rtexit2.o(.ARM.Collect$$rtexit$$00000003)
    __rt_exit_prels_1                        0x080001d5   Thumb Code     0  rtexit2.o(.ARM.Collect$$rtexit$$00000002)
    __rt_exit_exit                           0x080001d9   Thumb Code     0  rtexit2.o(.ARM.Collect$$rtexit$$00000004)
    Reset_Handler                            0x080001e1   Thumb Code     8  startup_stm32f103xe.o(.text)
    ADC1_2_IRQHandler                        0x080001fb   Thumb Code     0  startup_stm32f103xe.o(.text)
    ADC3_IRQHandler                          0x080001fb   Thumb Code     0  startup_stm32f103xe.o(.text)
    CAN1_RX1_IRQHandler                      0x080001fb   Thumb Code     0  startup_stm32f103xe.o(.text)
    CAN1_SCE_IRQHandler                      0x080001fb   Thumb Code     0  startup_stm32f103xe.o(.text)
    DMA1_Channel1_IRQHandler                 0x080001fb   Thumb Code     0  startup_stm32f103xe.o(.text)
    DMA1_Channel2_IRQHandler                 0x080001fb   Thumb Code     0  startup_stm32f103xe.o(.text)
    DMA1_Channel3_IRQHandler                 0x080001fb   Thumb Code     0  startup_stm32f103xe.o(.text)
    DMA1_Channel4_IRQHandler                 0x080001fb   Thumb Code     0  startup_stm32f103xe.o(.text)
    DMA1_Channel5_IRQHandler                 0x080001fb   Thumb Code     0  startup_stm32f103xe.o(.text)
    DMA1_Channel6_IRQHandler                 0x080001fb   Thumb Code     0  startup_stm32f103xe.o(.text)
    DMA1_Channel7_IRQHandler                 0x080001fb   Thumb Code     0  startup_stm32f103xe.o(.text)
    DMA2_Channel1_IRQHandler                 0x080001fb   Thumb Code     0  startup_stm32f103xe.o(.text)
    DMA2_Channel2_IRQHandler                 0x080001fb   Thumb Code     0  startup_stm32f103xe.o(.text)
    DMA2_Channel3_IRQHandler                 0x080001fb   Thumb Code     0  startup_stm32f103xe.o(.text)
    DMA2_Channel4_5_IRQHandler               0x080001fb   Thumb Code     0  startup_stm32f103xe.o(.text)
    EXTI0_IRQHandler                         0x080001fb   Thumb Code     0  startup_stm32f103xe.o(.text)
    EXTI15_10_IRQHandler                     0x080001fb   Thumb Code     0  startup_stm32f103xe.o(.text)
    EXTI1_IRQHandler                         0x080001fb   Thumb Code     0  startup_stm32f103xe.o(.text)
    EXTI2_IRQHandler                         0x080001fb   Thumb Code     0  startup_stm32f103xe.o(.text)
    EXTI3_IRQHandler                         0x080001fb   Thumb Code     0  startup_stm32f103xe.o(.text)
    EXTI4_IRQHandler                         0x080001fb   Thumb Code     0  startup_stm32f103xe.o(.text)
    EXTI9_5_IRQHandler                       0x080001fb   Thumb Code     0  startup_stm32f103xe.o(.text)
    FLASH_IRQHandler                         0x080001fb   Thumb Code     0  startup_stm32f103xe.o(.text)
    FSMC_IRQHandler                          0x080001fb   Thumb Code     0  startup_stm32f103xe.o(.text)
    I2C1_ER_IRQHandler                       0x080001fb   Thumb Code     0  startup_stm32f103xe.o(.text)
    I2C1_EV_IRQHandler                       0x080001fb   Thumb Code     0  startup_stm32f103xe.o(.text)
    I2C2_ER_IRQHandler                       0x080001fb   Thumb Code     0  startup_stm32f103xe.o(.text)
    I2C2_EV_IRQHandler                       0x080001fb   Thumb Code     0  startup_stm32f103xe.o(.text)
    PVD_IRQHandler                           0x080001fb   Thumb Code     0  startup_stm32f103xe.o(.text)
    RCC_IRQHandler                           0x080001fb   Thumb Code     0  startup_stm32f103xe.o(.text)
    RTC_Alarm_IRQHandler                     0x080001fb   Thumb Code     0  startup_stm32f103xe.o(.text)
    RTC_IRQHandler                           0x080001fb   Thumb Code     0  startup_stm32f103xe.o(.text)
    SDIO_IRQHandler                          0x080001fb   Thumb Code     0  startup_stm32f103xe.o(.text)
    SPI1_IRQHandler                          0x080001fb   Thumb Code     0  startup_stm32f103xe.o(.text)
    SPI2_IRQHandler                          0x080001fb   Thumb Code     0  startup_stm32f103xe.o(.text)
    SPI3_IRQHandler                          0x080001fb   Thumb Code     0  startup_stm32f103xe.o(.text)
    TAMPER_IRQHandler                        0x080001fb   Thumb Code     0  startup_stm32f103xe.o(.text)
    TIM1_BRK_IRQHandler                      0x080001fb   Thumb Code     0  startup_stm32f103xe.o(.text)
    TIM1_CC_IRQHandler                       0x080001fb   Thumb Code     0  startup_stm32f103xe.o(.text)
    TIM1_TRG_COM_IRQHandler                  0x080001fb   Thumb Code     0  startup_stm32f103xe.o(.text)
    TIM1_UP_IRQHandler                       0x080001fb   Thumb Code     0  startup_stm32f103xe.o(.text)
    TIM2_IRQHandler                          0x080001fb   Thumb Code     0  startup_stm32f103xe.o(.text)
    TIM4_IRQHandler                          0x080001fb   Thumb Code     0  startup_stm32f103xe.o(.text)
    TIM6_IRQHandler                          0x080001fb   Thumb Code     0  startup_stm32f103xe.o(.text)
    TIM7_IRQHandler                          0x080001fb   Thumb Code     0  startup_stm32f103xe.o(.text)
    TIM8_BRK_IRQHandler                      0x080001fb   Thumb Code     0  startup_stm32f103xe.o(.text)
    TIM8_CC_IRQHandler                       0x080001fb   Thumb Code     0  startup_stm32f103xe.o(.text)
    TIM8_TRG_COM_IRQHandler                  0x080001fb   Thumb Code     0  startup_stm32f103xe.o(.text)
    TIM8_UP_IRQHandler                       0x080001fb   Thumb Code     0  startup_stm32f103xe.o(.text)
    UART4_IRQHandler                         0x080001fb   Thumb Code     0  startup_stm32f103xe.o(.text)
    UART5_IRQHandler                         0x080001fb   Thumb Code     0  startup_stm32f103xe.o(.text)
    USART2_IRQHandler                        0x080001fb   Thumb Code     0  startup_stm32f103xe.o(.text)
    USART3_IRQHandler                        0x080001fb   Thumb Code     0  startup_stm32f103xe.o(.text)
    USBWakeUp_IRQHandler                     0x080001fb   Thumb Code     0  startup_stm32f103xe.o(.text)
    USB_HP_CAN1_TX_IRQHandler                0x080001fb   Thumb Code     0  startup_stm32f103xe.o(.text)
    USB_LP_CAN1_RX0_IRQHandler               0x080001fb   Thumb Code     0  startup_stm32f103xe.o(.text)
    WWDG_IRQHandler                          0x080001fb   Thumb Code     0  startup_stm32f103xe.o(.text)
    __user_initial_stackheap                 0x080001fd   Thumb Code     0  startup_stm32f103xe.o(.text)
    __use_no_semihosting                     0x08000221   Thumb Code     2  use_no_semi_2.o(.text)
    __2printf                                0x08000225   Thumb Code    20  noretval__2printf.o(.text)
    _printf_longlong_dec                     0x0800023d   Thumb Code   108  _printf_longlong_dec.o(.text)
    __printf                                 0x080002b9   Thumb Code   184  __printf_ss.o(.text)
    __use_two_region_memory                  0x08000371   Thumb Code     2  heapauxi.o(.text)
    __rt_heap_escrow$2region                 0x08000373   Thumb Code     2  heapauxi.o(.text)
    __rt_heap_expand$2region                 0x08000375   Thumb Code     2  heapauxi.o(.text)
    __I$use$semihosting                      0x08000377   Thumb Code     0  use_no_semi.o(.text)
    __use_no_semihosting_swi                 0x08000377   Thumb Code     2  use_no_semi.o(.text)
    _ll_udiv10                               0x08000379   Thumb Code   138  lludiv10.o(.text)
    _printf_int_common                       0x08000403   Thumb Code   178  _printf_intcommon.o(.text)
    _printf_char_file                        0x080004b5   Thumb Code    32  _printf_char_file.o(.text)
    _printf_char_common                      0x080004e3   Thumb Code    32  _printf_char_common.o(.text)
    ferror                                   0x08000509   Thumb Code     8  ferror.o(.text)
    __user_setup_stackheap                   0x08000511   Thumb Code    74  sys_stackheap_outer.o(.text)
    exit                                     0x0800055b   Thumb Code    18  exit.o(.text)
    __user_libspace                          0x0800056d   Thumb Code     8  libspace.o(.text)
    __user_perproc_libspace                  0x0800056d   Thumb Code     0  libspace.o(.text)
    __user_perthread_libspace                0x0800056d   Thumb Code     0  libspace.o(.text)
    BusFault_Handler                         0x08000575   Thumb Code     4  stm32f1xx_it.o(i.BusFault_Handler)
    DebugMon_Handler                         0x08000579   Thumb Code     2  stm32f1xx_it.o(i.DebugMon_Handler)
    HAL_DMA_Abort_IT                         0x0800057d   Thumb Code   414  stm32f1xx_hal_dma.o(i.HAL_DMA_Abort_IT)
    HAL_GPIO_Init                            0x08000725   Thumb Code   792  stm32f1xx_hal_gpio.o(i.HAL_GPIO_Init)
    HAL_GPIO_WritePin                        0x08000a65   Thumb Code    12  stm32f1xx_hal_gpio.o(i.HAL_GPIO_WritePin)
    HAL_GetTick                              0x08000a71   Thumb Code     6  stm32f1xx_hal.o(i.HAL_GetTick)
    HAL_IncTick                              0x08000a7d   Thumb Code    16  stm32f1xx_hal.o(i.HAL_IncTick)
    HAL_Init                                 0x08000a95   Thumb Code    34  stm32f1xx_hal.o(i.HAL_Init)
    HAL_InitTick                             0x08000abd   Thumb Code    64  stm32f1xx_hal.o(i.HAL_InitTick)
    HAL_MspInit                              0x08000b09   Thumb Code     2  stm32f1xx_hal_msp.o(i.HAL_MspInit)
    HAL_NVIC_EnableIRQ                       0x08000b0b   Thumb Code    32  stm32f1xx_hal_cortex.o(i.HAL_NVIC_EnableIRQ)
    HAL_NVIC_SetPriority                     0x08000b2b   Thumb Code   124  stm32f1xx_hal_cortex.o(i.HAL_NVIC_SetPriority)
    HAL_NVIC_SetPriorityGrouping             0x08000ba9   Thumb Code    32  stm32f1xx_hal_cortex.o(i.HAL_NVIC_SetPriorityGrouping)
    HAL_RCC_ClockConfig                      0x08000bd1   Thumb Code   376  stm32f1xx_hal_rcc.o(i.HAL_RCC_ClockConfig)
    HAL_RCC_GetHCLKFreq                      0x08000d5d   Thumb Code     6  stm32f1xx_hal_rcc.o(i.HAL_RCC_GetHCLKFreq)
    HAL_RCC_GetPCLK1Freq                     0x08000d69   Thumb Code    22  stm32f1xx_hal_rcc.o(i.HAL_RCC_GetPCLK1Freq)
    HAL_RCC_GetPCLK2Freq                     0x08000d89   Thumb Code    22  stm32f1xx_hal_rcc.o(i.HAL_RCC_GetPCLK2Freq)
    HAL_RCC_GetSysClockFreq                  0x08000da9   Thumb Code   116  stm32f1xx_hal_rcc.o(i.HAL_RCC_GetSysClockFreq)
    HAL_RCC_OscConfig                        0x08000e3d   Thumb Code  1114  stm32f1xx_hal_rcc.o(i.HAL_RCC_OscConfig)
    HAL_SYSTICK_CLKSourceConfig              0x080012a1   Thumb Code    40  stm32f1xx_hal_cortex.o(i.HAL_SYSTICK_CLKSourceConfig)
    HAL_SYSTICK_Config                       0x080012c9   Thumb Code    52  stm32f1xx_hal_cortex.o(i.HAL_SYSTICK_Config)
    HAL_TIMEx_BreakCallback                  0x080012fd   Thumb Code     2  stm32f1xx_hal_tim_ex.o(i.HAL_TIMEx_BreakCallback)
    HAL_TIMEx_CommutCallback                 0x080012ff   Thumb Code     2  stm32f1xx_hal_tim_ex.o(i.HAL_TIMEx_CommutCallback)
    HAL_TIM_IC_CaptureCallback               0x08001301   Thumb Code   202  timer.o(i.HAL_TIM_IC_CaptureCallback)
    HAL_TIM_IC_ConfigChannel                 0x080013d9   Thumb Code   224  stm32f1xx_hal_tim.o(i.HAL_TIM_IC_ConfigChannel)
    HAL_TIM_IC_Init                          0x080014b9   Thumb Code    52  stm32f1xx_hal_tim.o(i.HAL_TIM_IC_Init)
    HAL_TIM_IC_MspInit                       0x080014ed   Thumb Code   104  timer.o(i.HAL_TIM_IC_MspInit)
    HAL_TIM_IC_Start_IT                      0x0800155d   Thumb Code   120  stm32f1xx_hal_tim.o(i.HAL_TIM_IC_Start_IT)
    HAL_TIM_IRQHandler                       0x080015d5   Thumb Code   406  stm32f1xx_hal_tim.o(i.HAL_TIM_IRQHandler)
    HAL_TIM_OC_DelayElapsedCallback          0x0800176b   Thumb Code     2  stm32f1xx_hal_tim.o(i.HAL_TIM_OC_DelayElapsedCallback)
    HAL_TIM_PWM_ConfigChannel                0x0800176d   Thumb Code   264  stm32f1xx_hal_tim.o(i.HAL_TIM_PWM_ConfigChannel)
    HAL_TIM_PWM_Init                         0x08001875   Thumb Code    52  stm32f1xx_hal_tim.o(i.HAL_TIM_PWM_Init)
    HAL_TIM_PWM_MspInit                      0x080018a9   Thumb Code   120  timer.o(i.HAL_TIM_PWM_MspInit)
    HAL_TIM_PWM_PulseFinishedCallback        0x08001931   Thumb Code     2  stm32f1xx_hal_tim.o(i.HAL_TIM_PWM_PulseFinishedCallback)
    HAL_TIM_PWM_Start                        0x08001935   Thumb Code    80  stm32f1xx_hal_tim.o(i.HAL_TIM_PWM_Start)
    HAL_TIM_PeriodElapsedCallback            0x0800198d   Thumb Code    66  timer.o(i.HAL_TIM_PeriodElapsedCallback)
    HAL_TIM_ReadCapturedValue                0x080019d9   Thumb Code    50  stm32f1xx_hal_tim.o(i.HAL_TIM_ReadCapturedValue)
    HAL_TIM_TriggerCallback                  0x08001a0b   Thumb Code     2  stm32f1xx_hal_tim.o(i.HAL_TIM_TriggerCallback)
    HAL_UART_ErrorCallback                   0x08001a0d   Thumb Code     2  stm32f1xx_hal_uart.o(i.HAL_UART_ErrorCallback)
    HAL_UART_GetState                        0x08001a0f   Thumb Code    20  stm32f1xx_hal_uart.o(i.HAL_UART_GetState)
    HAL_UART_IRQHandler                      0x08001a25   Thumb Code   326  stm32f1xx_hal_uart.o(i.HAL_UART_IRQHandler)
    HAL_UART_Init                            0x08001b71   Thumb Code   114  stm32f1xx_hal_uart.o(i.HAL_UART_Init)
    HAL_UART_MspInit                         0x08001be5   Thumb Code   156  usart.o(i.HAL_UART_MspInit)
    HAL_UART_Receive_IT                      0x08001c8d   Thumb Code   112  stm32f1xx_hal_uart.o(i.HAL_UART_Receive_IT)
    HAL_UART_RxCpltCallback                  0x08001cfd   Thumb Code   120  usart.o(i.HAL_UART_RxCpltCallback)
    HAL_UART_TxCpltCallback                  0x08001d85   Thumb Code     2  stm32f1xx_hal_uart.o(i.HAL_UART_TxCpltCallback)
    HardFault_Handler                        0x08001d87   Thumb Code     4  stm32f1xx_it.o(i.HardFault_Handler)
    LED_Init                                 0x08001d8d   Thumb Code   116  led.o(i.LED_Init)
    MemManage_Handler                        0x08001e0d   Thumb Code     4  stm32f1xx_it.o(i.MemManage_Handler)
    NMI_Handler                              0x08001e11   Thumb Code     2  stm32f1xx_it.o(i.NMI_Handler)
    PendSV_Handler                           0x08001e13   Thumb Code     2  stm32f1xx_it.o(i.PendSV_Handler)
    SVC_Handler                              0x08001e3d   Thumb Code     2  stm32f1xx_it.o(i.SVC_Handler)
    Stm32_Clock_Init                         0x08001e3f   Thumb Code    86  sys.o(i.Stm32_Clock_Init)
    SysTick_Handler                          0x08001e95   Thumb Code     8  stm32f1xx_it.o(i.SysTick_Handler)
    SystemInit                               0x08001e9d   Thumb Code    70  system_stm32f1xx.o(i.SystemInit)
    TIM3_IRQHandler                          0x08001ef5   Thumb Code    10  timer.o(i.TIM3_IRQHandler)
    TIM3_PWM_Init                            0x08001f05   Thumb Code    70  timer.o(i.TIM3_PWM_Init)
    TIM5_CH1_Cap_Init                        0x08001f59   Thumb Code    96  timer.o(i.TIM5_CH1_Cap_Init)
    TIM5_IRQHandler                          0x08001fc1   Thumb Code    10  timer.o(i.TIM5_IRQHandler)
    TIM_Base_SetConfig                       0x08001fd1   Thumb Code   134  stm32f1xx_hal_tim.o(i.TIM_Base_SetConfig)
    TIM_CCxChannelCmd                        0x0800206d   Thumb Code    34  stm32f1xx_hal_tim.o(i.TIM_CCxChannelCmd)
    TIM_OC2_SetConfig                        0x08002101   Thumb Code   114  stm32f1xx_hal_tim.o(i.TIM_OC2_SetConfig)
    TIM_SetTIM3Compare2                      0x08002249   Thumb Code     6  timer.o(i.TIM_SetTIM3Compare2)
    TIM_TI1_SetConfig                        0x08002255   Thumb Code   102  stm32f1xx_hal_tim.o(i.TIM_TI1_SetConfig)
    USART1_IRQHandler                        0x08002681   Thumb Code    56  usart.o(i.USART1_IRQHandler)
    UsageFault_Handler                       0x080026c1   Thumb Code     4  stm32f1xx_it.o(i.UsageFault_Handler)
    _sys_exit                                0x080026fd   Thumb Code     4  usart.o(i._sys_exit)
    delay_init                               0x08002701   Thumb Code    16  delay.o(i.delay_init)
    fputc                                    0x08002715   Thumb Code    24  usart.o(i.fputc)
    main                                     0x08002731   Thumb Code   476  main.o(i.main)
    uart_init                                0x08002961   Thumb Code    44  usart.o(i.uart_init)
    __aeabi_d2f                              0x08002999   Thumb Code     0  d2f.o(x$fpl$d2f)
    _d2f                                     0x08002999   Thumb Code    98  d2f.o(x$fpl$d2f)
    __aeabi_dadd                             0x080029fd   Thumb Code     0  daddsub_clz.o(x$fpl$dadd)
    _dadd                                    0x080029fd   Thumb Code   332  daddsub_clz.o(x$fpl$dadd)
    __fpl_dcmp_Inf                           0x08002b4d   Thumb Code    24  dcmpi.o(x$fpl$dcmpinf)
    __aeabi_ddiv                             0x08002b65   Thumb Code     0  ddiv.o(x$fpl$ddiv)
    _ddiv                                    0x08002b65   Thumb Code   552  ddiv.o(x$fpl$ddiv)
    __aeabi_d2uiz                            0x08002e15   Thumb Code     0  dfixu.o(x$fpl$dfixu)
    _dfixu                                   0x08002e15   Thumb Code    90  dfixu.o(x$fpl$dfixu)
    __aeabi_l2d                              0x08002e71   Thumb Code     0  dfltll_clz.o(x$fpl$dfltll)
    _ll_sto_d                                0x08002e71   Thumb Code   162  dfltll_clz.o(x$fpl$dfltll)
    __aeabi_cdcmple                          0x08002f15   Thumb Code     0  dleqf.o(x$fpl$dleqf)
    _dcmple                                  0x08002f15   Thumb Code   120  dleqf.o(x$fpl$dleqf)
    __fpl_dcmple_InfNaN                      0x08002f77   Thumb Code     0  dleqf.o(x$fpl$dleqf)
    __aeabi_dmul                             0x08002f8d   Thumb Code     0  dmul.o(x$fpl$dmul)
    _dmul                                    0x08002f8d   Thumb Code   332  dmul.o(x$fpl$dmul)
    __fpl_dnaninf                            0x080030e1   Thumb Code   156  dnaninf.o(x$fpl$dnaninf)
    __fpl_dretinf                            0x0800317d   Thumb Code    12  dretinf.o(x$fpl$dretinf)
    __aeabi_cdrcmple                         0x08003189   Thumb Code     0  drleqf.o(x$fpl$drleqf)
    _drcmple                                 0x08003189   Thumb Code   108  drleqf.o(x$fpl$drleqf)
    __aeabi_dsub                             0x080031f5   Thumb Code     0  daddsub_clz.o(x$fpl$dsub)
    _dsub                                    0x080031f5   Thumb Code   464  daddsub_clz.o(x$fpl$dsub)
    __aeabi_f2d                              0x080033c9   Thumb Code     0  f2d.o(x$fpl$f2d)
    _f2d                                     0x080033c9   Thumb Code    86  f2d.o(x$fpl$f2d)
    __aeabi_fadd                             0x08003421   Thumb Code     0  faddsub_clz.o(x$fpl$fadd)
    _fadd                                    0x08003421   Thumb Code   196  faddsub_clz.o(x$fpl$fadd)
    __aeabi_f2uiz                            0x080034e5   Thumb Code     0  ffixu.o(x$fpl$ffixu)
    _ffixu                                   0x080034e5   Thumb Code    62  ffixu.o(x$fpl$ffixu)
    __aeabi_ui2f                             0x08003525   Thumb Code     0  fflt_clz.o(x$fpl$ffltu)
    _ffltu                                   0x08003525   Thumb Code    38  fflt_clz.o(x$fpl$ffltu)
    __aeabi_fmul                             0x0800354d   Thumb Code     0  fmul.o(x$fpl$fmul)
    _fmul                                    0x0800354d   Thumb Code   258  fmul.o(x$fpl$fmul)
    __fpl_fnaninf                            0x0800364f   Thumb Code   140  fnaninf.o(x$fpl$fnaninf)
    __fpl_fretinf                            0x080036db   Thumb Code    10  fretinf.o(x$fpl$fretinf)
    __aeabi_fsub                             0x080036e5   Thumb Code     0  faddsub_clz.o(x$fpl$fsub)
    _fsub                                    0x080036e5   Thumb Code   234  faddsub_clz.o(x$fpl$fsub)
    AHBPrescTable                            0x080037ce   Data          16  system_stm32f1xx.o(.constdata)
    __I$use$fp                               0x080037ce   Number         0  usenofp.o(x$fpl$usenofp)
    APBPrescTable                            0x080037de   Data           8  system_stm32f1xx.o(.constdata)
    Region$$Table$$Base                      0x080037e8   Number         0  anon$$obj.o(Region$$Table)
    Region$$Table$$Limit                     0x08003808   Number         0  anon$$obj.o(Region$$Table)
    RPM_now                                  0x20000000   Data           4  main.o(.data)
    RPM_pre                                  0x20000004   Data           4  main.o(.data)
    RPM_ref                                  0x20000008   Data           4  main.o(.data)
    e_pre                                    0x2000000c   Data           4  main.o(.data)
    e_now                                    0x20000010   Data           4  main.o(.data)
    I_e                                      0x20000018   Data           8  main.o(.data)
    pwm_out                                  0x20000020   Data           4  main.o(.data)
    delta_t                                  0x20000028   Data           8  main.o(.data)
    delta_e                                  0x20000030   Data           8  main.o(.data)
    kp                                       0x20000038   Data           4  main.o(.data)
    ki                                       0x2000003c   Data           4  main.o(.data)
    kd                                       0x20000040   Data           4  main.o(.data)
    SystemCoreClock                          0x20000044   Data           4  system_stm32f1xx.o(.data)
    uwTick                                   0x20000048   Data           4  stm32f1xx_hal.o(.data)
    uwTickPrio                               0x2000004c   Data           4  stm32f1xx_hal.o(.data)
    uwTickFreq                               0x20000050   Data           1  stm32f1xx_hal.o(.data)
    __stdout                                 0x20000058   Data           4  usart.o(.data)
    USART_RX_STA                             0x2000005c   Data           2  usart.o(.data)
    aRxBuffer                                0x2000005e   Data           1  usart.o(.data)
    TIM5CH1_CAPTURE_STA                      0x20000060   Data           1  timer.o(.data)
    TIM5CH1_CAPTURE_VAL                      0x20000062   Data           2  timer.o(.data)
    USART_RX_BUF                             0x20000064   Data         200  usart.o(.bss)
    UART1_Handler                            0x2000012c   Data          64  usart.o(.bss)
    TIM3_Handler                             0x2000016c   Data          64  timer.o(.bss)
    TIM3_CH2Handler                          0x200001ac   Data          28  timer.o(.bss)
    TIM5_Handler                             0x200001c8   Data          64  timer.o(.bss)
    __libspace_start                         0x20000208   Data          96  libspace.o(.bss)
    __temporary_stack_top$libspace           0x20000268   Data           0  libspace.o(.bss)



==============================================================================

Memory Map of the image

  Image Entry point : 0x08000131

  Load Region LR_IROM1 (Base: 0x08000000, Size: 0x0000386c, Max: 0x00080000, ABSOLUTE)

    Execution Region ER_IROM1 (Exec base: 0x08000000, Load base: 0x08000000, Size: 0x00003808, Max: 0x00080000, ABSOLUTE)

    Exec Addr    Load Addr    Size         Type   Attr      Idx    E Section Name        Object

    0x08000000   0x08000000   0x00000130   Data   RO          456    RESET               startup_stm32f103xe.o
    0x08000130   0x08000130   0x00000008   Code   RO         3113  * !!!main             c_w.l(__main.o)
    0x08000138   0x08000138   0x00000034   Code   RO         3341    !!!scatter          c_w.l(__scatter.o)
    0x0800016c   0x0800016c   0x0000001a   Code   RO         3343    !!handler_copy      c_w.l(__scatter_copy.o)
    0x08000186   0x08000186   0x00000002   PAD
    0x08000188   0x08000188   0x0000001c   Code   RO         3345    !!handler_zi        c_w.l(__scatter_zi.o)
    0x080001a4   0x080001a4   0x00000000   Code   RO         3109    .ARM.Collect$$_printf_percent$$00000000  c_w.l(_printf_percent.o)
    0x080001a4   0x080001a4   0x0000000a   Code   RO         3171    .ARM.Collect$$_printf_percent$$00000007  c_w.l(_printf_ll.o)
    0x080001ae   0x080001ae   0x00000006   Code   RO         3110    .ARM.Collect$$_printf_percent$$0000000E  c_w.l(_printf_lld.o)
    0x080001b4   0x080001b4   0x00000004   Code   RO         3170    .ARM.Collect$$_printf_percent$$00000017  c_w.l(_printf_percent_end.o)
    0x080001b8   0x080001b8   0x00000002   Code   RO         3215    .ARM.Collect$$libinit$$00000000  c_w.l(libinit.o)
    0x080001ba   0x080001ba   0x00000000   Code   RO         3222    .ARM.Collect$$libinit$$00000002  c_w.l(libinit2.o)
    0x080001ba   0x080001ba   0x00000000   Code   RO         3224    .ARM.Collect$$libinit$$00000004  c_w.l(libinit2.o)
    0x080001ba   0x080001ba   0x00000000   Code   RO         3227    .ARM.Collect$$libinit$$0000000A  c_w.l(libinit2.o)
    0x080001ba   0x080001ba   0x00000000   Code   RO         3229    .ARM.Collect$$libinit$$0000000C  c_w.l(libinit2.o)
    0x080001ba   0x080001ba   0x00000000   Code   RO         3231    .ARM.Collect$$libinit$$0000000E  c_w.l(libinit2.o)
    0x080001ba   0x080001ba   0x00000000   Code   RO         3234    .ARM.Collect$$libinit$$00000011  c_w.l(libinit2.o)
    0x080001ba   0x080001ba   0x00000000   Code   RO         3236    .ARM.Collect$$libinit$$00000013  c_w.l(libinit2.o)
    0x080001ba   0x080001ba   0x00000000   Code   RO         3238    .ARM.Collect$$libinit$$00000015  c_w.l(libinit2.o)
    0x080001ba   0x080001ba   0x00000000   Code   RO         3240    .ARM.Collect$$libinit$$00000017  c_w.l(libinit2.o)
    0x080001ba   0x080001ba   0x00000000   Code   RO         3242    .ARM.Collect$$libinit$$00000019  c_w.l(libinit2.o)
    0x080001ba   0x080001ba   0x00000000   Code   RO         3244    .ARM.Collect$$libinit$$0000001B  c_w.l(libinit2.o)
    0x080001ba   0x080001ba   0x00000000   Code   RO         3246    .ARM.Collect$$libinit$$0000001D  c_w.l(libinit2.o)
    0x080001ba   0x080001ba   0x00000000   Code   RO         3248    .ARM.Collect$$libinit$$0000001F  c_w.l(libinit2.o)
    0x080001ba   0x080001ba   0x00000000   Code   RO         3250    .ARM.Collect$$libinit$$00000021  c_w.l(libinit2.o)
    0x080001ba   0x080001ba   0x00000000   Code   RO         3252    .ARM.Collect$$libinit$$00000023  c_w.l(libinit2.o)
    0x080001ba   0x080001ba   0x00000000   Code   RO         3254    .ARM.Collect$$libinit$$00000025  c_w.l(libinit2.o)
    0x080001ba   0x080001ba   0x00000000   Code   RO         3258    .ARM.Collect$$libinit$$0000002C  c_w.l(libinit2.o)
    0x080001ba   0x080001ba   0x00000000   Code   RO         3260    .ARM.Collect$$libinit$$0000002E  c_w.l(libinit2.o)
    0x080001ba   0x080001ba   0x00000000   Code   RO         3262    .ARM.Collect$$libinit$$00000030  c_w.l(libinit2.o)
    0x080001ba   0x080001ba   0x00000000   Code   RO         3264    .ARM.Collect$$libinit$$00000032  c_w.l(libinit2.o)
    0x080001ba   0x080001ba   0x00000002   Code   RO         3265    .ARM.Collect$$libinit$$00000033  c_w.l(libinit2.o)
    0x080001bc   0x080001bc   0x00000002   Code   RO         3283    .ARM.Collect$$libshutdown$$00000000  c_w.l(libshutdown.o)
    0x080001be   0x080001be   0x00000000   Code   RO         3293    .ARM.Collect$$libshutdown$$00000002  c_w.l(libshutdown2.o)
    0x080001be   0x080001be   0x00000000   Code   RO         3295    .ARM.Collect$$libshutdown$$00000004  c_w.l(libshutdown2.o)
    0x080001be   0x080001be   0x00000000   Code   RO         3298    .ARM.Collect$$libshutdown$$00000007  c_w.l(libshutdown2.o)
    0x080001be   0x080001be   0x00000000   Code   RO         3301    .ARM.Collect$$libshutdown$$0000000A  c_w.l(libshutdown2.o)
    0x080001be   0x080001be   0x00000000   Code   RO         3303    .ARM.Collect$$libshutdown$$0000000C  c_w.l(libshutdown2.o)
    0x080001be   0x080001be   0x00000000   Code   RO         3306    .ARM.Collect$$libshutdown$$0000000F  c_w.l(libshutdown2.o)
    0x080001be   0x080001be   0x00000002   Code   RO         3307    .ARM.Collect$$libshutdown$$00000010  c_w.l(libshutdown2.o)
    0x080001c0   0x080001c0   0x00000000   Code   RO         3163    .ARM.Collect$$rtentry$$00000000  c_w.l(__rtentry.o)
    0x080001c0   0x080001c0   0x00000000   Code   RO         3184    .ARM.Collect$$rtentry$$00000002  c_w.l(__rtentry2.o)
    0x080001c0   0x080001c0   0x00000006   Code   RO         3196    .ARM.Collect$$rtentry$$00000004  c_w.l(__rtentry4.o)
    0x080001c6   0x080001c6   0x00000000   Code   RO         3186    .ARM.Collect$$rtentry$$00000009  c_w.l(__rtentry2.o)
    0x080001c6   0x080001c6   0x00000004   Code   RO         3187    .ARM.Collect$$rtentry$$0000000A  c_w.l(__rtentry2.o)
    0x080001ca   0x080001ca   0x00000000   Code   RO         3189    .ARM.Collect$$rtentry$$0000000C  c_w.l(__rtentry2.o)
    0x080001ca   0x080001ca   0x00000008   Code   RO         3190    .ARM.Collect$$rtentry$$0000000D  c_w.l(__rtentry2.o)
    0x080001d2   0x080001d2   0x00000002   Code   RO         3219    .ARM.Collect$$rtexit$$00000000  c_w.l(rtexit.o)
    0x080001d4   0x080001d4   0x00000000   Code   RO         3267    .ARM.Collect$$rtexit$$00000002  c_w.l(rtexit2.o)
    0x080001d4   0x080001d4   0x00000004   Code   RO         3268    .ARM.Collect$$rtexit$$00000003  c_w.l(rtexit2.o)
    0x080001d8   0x080001d8   0x00000006   Code   RO         3269    .ARM.Collect$$rtexit$$00000004  c_w.l(rtexit2.o)
    0x080001de   0x080001de   0x00000002   PAD
    0x080001e0   0x080001e0   0x00000040   Code   RO          457    .text               startup_stm32f103xe.o
    0x08000220   0x08000220   0x00000002   Code   RO         3079    .text               c_w.l(use_no_semi_2.o)
    0x08000222   0x08000222   0x00000002   PAD
    0x08000224   0x08000224   0x00000018   Code   RO         3083    .text               c_w.l(noretval__2printf.o)
    0x0800023c   0x0800023c   0x0000007c   Code   RO         3087    .text               c_w.l(_printf_longlong_dec.o)
    0x080002b8   0x080002b8   0x000000b8   Code   RO         3092    .text               c_w.l(__printf_ss.o)
    0x08000370   0x08000370   0x00000006   Code   RO         3111    .text               c_w.l(heapauxi.o)
    0x08000376   0x08000376   0x00000002   Code   RO         3161    .text               c_w.l(use_no_semi.o)
    0x08000378   0x08000378   0x0000008a   Code   RO         3164    .text               c_w.l(lludiv10.o)
    0x08000402   0x08000402   0x000000b2   Code   RO         3166    .text               c_w.l(_printf_intcommon.o)
    0x080004b4   0x080004b4   0x00000024   Code   RO         3168    .text               c_w.l(_printf_char_file.o)
    0x080004d8   0x080004d8   0x00000030   Code   RO         3198    .text               c_w.l(_printf_char_common.o)
    0x08000508   0x08000508   0x00000008   Code   RO         3200    .text               c_w.l(ferror.o)
    0x08000510   0x08000510   0x0000004a   Code   RO         3204    .text               c_w.l(sys_stackheap_outer.o)
    0x0800055a   0x0800055a   0x00000012   Code   RO         3208    .text               c_w.l(exit.o)
    0x0800056c   0x0800056c   0x00000008   Code   RO         3216    .text               c_w.l(libspace.o)
    0x08000574   0x08000574   0x00000004   Code   RO          263    i.BusFault_Handler  stm32f1xx_it.o
    0x08000578   0x08000578   0x00000002   Code   RO          264    i.DebugMon_Handler  stm32f1xx_it.o
    0x0800057a   0x0800057a   0x00000002   PAD
    0x0800057c   0x0800057c   0x000001a8   Code   RO          762    i.HAL_DMA_Abort_IT  stm32f1xx_hal_dma.o
    0x08000724   0x08000724   0x00000340   Code   RO          858    i.HAL_GPIO_Init     stm32f1xx_hal_gpio.o
    0x08000a64   0x08000a64   0x0000000c   Code   RO          862    i.HAL_GPIO_WritePin  stm32f1xx_hal_gpio.o
    0x08000a70   0x08000a70   0x0000000c   Code   RO          475    i.HAL_GetTick       stm32f1xx_hal.o
    0x08000a7c   0x08000a7c   0x00000018   Code   RO          481    i.HAL_IncTick       stm32f1xx_hal.o
    0x08000a94   0x08000a94   0x00000028   Code   RO          482    i.HAL_Init          stm32f1xx_hal.o
    0x08000abc   0x08000abc   0x0000004c   Code   RO          483    i.HAL_InitTick      stm32f1xx_hal.o
    0x08000b08   0x08000b08   0x00000002   Code   RO          231    i.HAL_MspInit       stm32f1xx_hal_msp.o
    0x08000b0a   0x08000b0a   0x00000020   Code   RO          640    i.HAL_NVIC_EnableIRQ  stm32f1xx_hal_cortex.o
    0x08000b2a   0x08000b2a   0x0000007c   Code   RO          646    i.HAL_NVIC_SetPriority  stm32f1xx_hal_cortex.o
    0x08000ba6   0x08000ba6   0x00000002   PAD
    0x08000ba8   0x08000ba8   0x00000028   Code   RO          647    i.HAL_NVIC_SetPriorityGrouping  stm32f1xx_hal_cortex.o
    0x08000bd0   0x08000bd0   0x0000018c   Code   RO         1083    i.HAL_RCC_ClockConfig  stm32f1xx_hal_rcc.o
    0x08000d5c   0x08000d5c   0x0000000c   Code   RO         1088    i.HAL_RCC_GetHCLKFreq  stm32f1xx_hal_rcc.o
    0x08000d68   0x08000d68   0x00000020   Code   RO         1090    i.HAL_RCC_GetPCLK1Freq  stm32f1xx_hal_rcc.o
    0x08000d88   0x08000d88   0x00000020   Code   RO         1091    i.HAL_RCC_GetPCLK2Freq  stm32f1xx_hal_rcc.o
    0x08000da8   0x08000da8   0x00000094   Code   RO         1092    i.HAL_RCC_GetSysClockFreq  stm32f1xx_hal_rcc.o
    0x08000e3c   0x08000e3c   0x00000464   Code   RO         1095    i.HAL_RCC_OscConfig  stm32f1xx_hal_rcc.o
    0x080012a0   0x080012a0   0x00000028   Code   RO          649    i.HAL_SYSTICK_CLKSourceConfig  stm32f1xx_hal_cortex.o
    0x080012c8   0x080012c8   0x00000034   Code   RO          651    i.HAL_SYSTICK_Config  stm32f1xx_hal_cortex.o
    0x080012fc   0x080012fc   0x00000002   Code   RO         2510    i.HAL_TIMEx_BreakCallback  stm32f1xx_hal_tim_ex.o
    0x080012fe   0x080012fe   0x00000002   Code   RO         2511    i.HAL_TIMEx_CommutCallback  stm32f1xx_hal_tim_ex.o
    0x08001300   0x08001300   0x000000d8   Code   RO         2966    i.HAL_TIM_IC_CaptureCallback  timer.o
    0x080013d8   0x080013d8   0x000000e0   Code   RO         1855    i.HAL_TIM_IC_ConfigChannel  stm32f1xx_hal_tim.o
    0x080014b8   0x080014b8   0x00000034   Code   RO         1858    i.HAL_TIM_IC_Init   stm32f1xx_hal_tim.o
    0x080014ec   0x080014ec   0x00000070   Code   RO         2967    i.HAL_TIM_IC_MspInit  timer.o
    0x0800155c   0x0800155c   0x00000078   Code   RO         1863    i.HAL_TIM_IC_Start_IT  stm32f1xx_hal_tim.o
    0x080015d4   0x080015d4   0x00000196   Code   RO         1867    i.HAL_TIM_IRQHandler  stm32f1xx_hal_tim.o
    0x0800176a   0x0800176a   0x00000002   Code   RO         1870    i.HAL_TIM_OC_DelayElapsedCallback  stm32f1xx_hal_tim.o
    0x0800176c   0x0800176c   0x00000108   Code   RO         1891    i.HAL_TIM_PWM_ConfigChannel  stm32f1xx_hal_tim.o
    0x08001874   0x08001874   0x00000034   Code   RO         1894    i.HAL_TIM_PWM_Init  stm32f1xx_hal_tim.o
    0x080018a8   0x080018a8   0x00000088   Code   RO         2968    i.HAL_TIM_PWM_MspInit  timer.o
    0x08001930   0x08001930   0x00000002   Code   RO         1897    i.HAL_TIM_PWM_PulseFinishedCallback  stm32f1xx_hal_tim.o
    0x08001932   0x08001932   0x00000002   PAD
    0x08001934   0x08001934   0x00000058   Code   RO         1899    i.HAL_TIM_PWM_Start  stm32f1xx_hal_tim.o
    0x0800198c   0x0800198c   0x0000004c   Code   RO         2969    i.HAL_TIM_PeriodElapsedCallback  timer.o
    0x080019d8   0x080019d8   0x00000032   Code   RO         1907    i.HAL_TIM_ReadCapturedValue  stm32f1xx_hal_tim.o
    0x08001a0a   0x08001a0a   0x00000002   Code   RO         1910    i.HAL_TIM_TriggerCallback  stm32f1xx_hal_tim.o
    0x08001a0c   0x08001a0c   0x00000002   Code   RO         1246    i.HAL_UART_ErrorCallback  stm32f1xx_hal_uart.o
    0x08001a0e   0x08001a0e   0x00000014   Code   RO         1248    i.HAL_UART_GetState  stm32f1xx_hal_uart.o
    0x08001a22   0x08001a22   0x00000002   PAD
    0x08001a24   0x08001a24   0x0000014c   Code   RO         1249    i.HAL_UART_IRQHandler  stm32f1xx_hal_uart.o
    0x08001b70   0x08001b70   0x00000072   Code   RO         1250    i.HAL_UART_Init     stm32f1xx_hal_uart.o
    0x08001be2   0x08001be2   0x00000002   PAD
    0x08001be4   0x08001be4   0x000000a8   Code   RO         2845    i.HAL_UART_MspInit  usart.o
    0x08001c8c   0x08001c8c   0x00000070   Code   RO         1255    i.HAL_UART_Receive_IT  stm32f1xx_hal_uart.o
    0x08001cfc   0x08001cfc   0x00000088   Code   RO         2846    i.HAL_UART_RxCpltCallback  usart.o
    0x08001d84   0x08001d84   0x00000002   Code   RO         1261    i.HAL_UART_TxCpltCallback  stm32f1xx_hal_uart.o
    0x08001d86   0x08001d86   0x00000004   Code   RO          265    i.HardFault_Handler  stm32f1xx_it.o
    0x08001d8a   0x08001d8a   0x00000002   PAD
    0x08001d8c   0x08001d8c   0x00000080   Code   RO         2910    i.LED_Init          led.o
    0x08001e0c   0x08001e0c   0x00000004   Code   RO          266    i.MemManage_Handler  stm32f1xx_it.o
    0x08001e10   0x08001e10   0x00000002   Code   RO          267    i.NMI_Handler       stm32f1xx_it.o
    0x08001e12   0x08001e12   0x00000002   Code   RO          268    i.PendSV_Handler    stm32f1xx_it.o
    0x08001e14   0x08001e14   0x00000028   Code   RO         1096    i.RCC_Delay         stm32f1xx_hal_rcc.o
    0x08001e3c   0x08001e3c   0x00000002   Code   RO          269    i.SVC_Handler       stm32f1xx_it.o
    0x08001e3e   0x08001e3e   0x00000056   Code   RO         2802    i.Stm32_Clock_Init  sys.o
    0x08001e94   0x08001e94   0x00000008   Code   RO          270    i.SysTick_Handler   stm32f1xx_it.o
    0x08001e9c   0x08001e9c   0x00000058   Code   RO          339    i.SystemInit        system_stm32f1xx.o
    0x08001ef4   0x08001ef4   0x00000010   Code   RO         2970    i.TIM3_IRQHandler   timer.o
    0x08001f04   0x08001f04   0x00000054   Code   RO         2972    i.TIM3_PWM_Init     timer.o
    0x08001f58   0x08001f58   0x00000068   Code   RO         2973    i.TIM5_CH1_Cap_Init  timer.o
    0x08001fc0   0x08001fc0   0x00000010   Code   RO         2974    i.TIM5_IRQHandler   timer.o
    0x08001fd0   0x08001fd0   0x0000009c   Code   RO         1912    i.TIM_Base_SetConfig  stm32f1xx_hal_tim.o
    0x0800206c   0x0800206c   0x00000022   Code   RO         1913    i.TIM_CCxChannelCmd  stm32f1xx_hal_tim.o
    0x0800208e   0x0800208e   0x00000002   PAD
    0x08002090   0x08002090   0x00000070   Code   RO         1925    i.TIM_OC1_SetConfig  stm32f1xx_hal_tim.o
    0x08002100   0x08002100   0x0000007c   Code   RO         1926    i.TIM_OC2_SetConfig  stm32f1xx_hal_tim.o
    0x0800217c   0x0800217c   0x00000078   Code   RO         1927    i.TIM_OC3_SetConfig  stm32f1xx_hal_tim.o
    0x080021f4   0x080021f4   0x00000054   Code   RO         1928    i.TIM_OC4_SetConfig  stm32f1xx_hal_tim.o
    0x08002248   0x08002248   0x0000000c   Code   RO         2976    i.TIM_SetTIM3Compare2  timer.o
    0x08002254   0x08002254   0x0000007c   Code   RO         1931    i.TIM_TI1_SetConfig  stm32f1xx_hal_tim.o
    0x080022d0   0x080022d0   0x0000003a   Code   RO         1933    i.TIM_TI2_SetConfig  stm32f1xx_hal_tim.o
    0x0800230a   0x0800230a   0x00000038   Code   RO         1934    i.TIM_TI3_SetConfig  stm32f1xx_hal_tim.o
    0x08002342   0x08002342   0x0000003c   Code   RO         1935    i.TIM_TI4_SetConfig  stm32f1xx_hal_tim.o
    0x0800237e   0x0800237e   0x00000014   Code   RO         1263    i.UART_DMAAbortOnError  stm32f1xx_hal_uart.o
    0x08002392   0x08002392   0x00000020   Code   RO         1273    i.UART_EndRxTransfer  stm32f1xx_hal_uart.o
    0x080023b2   0x080023b2   0x00000020   Code   RO         1274    i.UART_EndTransmit_IT  stm32f1xx_hal_uart.o
    0x080023d2   0x080023d2   0x000000a6   Code   RO         1276    i.UART_Receive_IT   stm32f1xx_hal_uart.o
    0x08002478   0x08002478   0x000001a0   Code   RO         1277    i.UART_SetConfig    stm32f1xx_hal_uart.o
    0x08002618   0x08002618   0x00000068   Code   RO         1278    i.UART_Transmit_IT  stm32f1xx_hal_uart.o
    0x08002680   0x08002680   0x00000040   Code   RO         2847    i.USART1_IRQHandler  usart.o
    0x080026c0   0x080026c0   0x00000004   Code   RO          271    i.UsageFault_Handler  stm32f1xx_it.o
    0x080026c4   0x080026c4   0x00000010   Code   RO          653    i.__NVIC_GetPriorityGrouping  stm32f1xx_hal_cortex.o
    0x080026d4   0x080026d4   0x00000028   Code   RO          654    i.__NVIC_SetPriority  stm32f1xx_hal_cortex.o
    0x080026fc   0x080026fc   0x00000004   Code   RO         2848    i._sys_exit         usart.o
    0x08002700   0x08002700   0x00000014   Code   RO         2761    i.delay_init        delay.o
    0x08002714   0x08002714   0x0000001c   Code   RO         2849    i.fputc             usart.o
    0x08002730   0x08002730   0x00000230   Code   RO            4    i.main              main.o
    0x08002960   0x08002960   0x00000038   Code   RO         2850    i.uart_init         usart.o
    0x08002998   0x08002998   0x00000062   Code   RO         3115    x$fpl$d2f           fz_ws.l(d2f.o)
    0x080029fa   0x080029fa   0x00000002   PAD
    0x080029fc   0x080029fc   0x00000150   Code   RO         3117    x$fpl$dadd          fz_ws.l(daddsub_clz.o)
    0x08002b4c   0x08002b4c   0x00000018   Code   RO         3172    x$fpl$dcmpinf       fz_ws.l(dcmpi.o)
    0x08002b64   0x08002b64   0x000002b0   Code   RO         3124    x$fpl$ddiv          fz_ws.l(ddiv.o)
    0x08002e14   0x08002e14   0x0000005a   Code   RO         3127    x$fpl$dfixu         fz_ws.l(dfixu.o)
    0x08002e6e   0x08002e6e   0x00000002   PAD
    0x08002e70   0x08002e70   0x000000a2   Code   RO         3131    x$fpl$dfltll        fz_ws.l(dfltll_clz.o)
    0x08002f12   0x08002f12   0x00000002   PAD
    0x08002f14   0x08002f14   0x00000078   Code   RO         3135    x$fpl$dleqf         fz_ws.l(dleqf.o)
    0x08002f8c   0x08002f8c   0x00000154   Code   RO         3137    x$fpl$dmul          fz_ws.l(dmul.o)
    0x080030e0   0x080030e0   0x0000009c   Code   RO         3174    x$fpl$dnaninf       fz_ws.l(dnaninf.o)
    0x0800317c   0x0800317c   0x0000000c   Code   RO         3176    x$fpl$dretinf       fz_ws.l(dretinf.o)
    0x08003188   0x08003188   0x0000006c   Code   RO         3139    x$fpl$drleqf        fz_ws.l(drleqf.o)
    0x080031f4   0x080031f4   0x000001d4   Code   RO         3119    x$fpl$dsub          fz_ws.l(daddsub_clz.o)
    0x080033c8   0x080033c8   0x00000056   Code   RO         3141    x$fpl$f2d           fz_ws.l(f2d.o)
    0x0800341e   0x0800341e   0x00000002   PAD
    0x08003420   0x08003420   0x000000c4   Code   RO         3143    x$fpl$fadd          fz_ws.l(faddsub_clz.o)
    0x080034e4   0x080034e4   0x0000003e   Code   RO         3149    x$fpl$ffixu         fz_ws.l(ffixu.o)
    0x08003522   0x08003522   0x00000002   PAD
    0x08003524   0x08003524   0x00000026   Code   RO         3153    x$fpl$ffltu         fz_ws.l(fflt_clz.o)
    0x0800354a   0x0800354a   0x00000002   PAD
    0x0800354c   0x0800354c   0x00000102   Code   RO         3159    x$fpl$fmul          fz_ws.l(fmul.o)
    0x0800364e   0x0800364e   0x0000008c   Code   RO         3178    x$fpl$fnaninf       fz_ws.l(fnaninf.o)
    0x080036da   0x080036da   0x0000000a   Code   RO         3180    x$fpl$fretinf       fz_ws.l(fretinf.o)
    0x080036e4   0x080036e4   0x000000ea   Code   RO         3145    x$fpl$fsub          fz_ws.l(faddsub_clz.o)
    0x080037ce   0x080037ce   0x00000000   Code   RO         3182    x$fpl$usenofp       fz_ws.l(usenofp.o)
    0x080037ce   0x080037ce   0x00000018   Data   RO          340    .constdata          system_stm32f1xx.o
    0x080037e6   0x080037e6   0x00000002   PAD
    0x080037e8   0x080037e8   0x00000020   Data   RO         3339    Region$$Table       anon$$obj.o


    Execution Region RW_IRAM1 (Exec base: 0x20000000, Load base: 0x08003808, Size: 0x00000868, Max: 0x00010000, ABSOLUTE)

    Exec Addr    Load Addr    Size         Type   Attr      Idx    E Section Name        Object

    0x20000000   0x08003808   0x00000044   Data   RW            5    .data               main.o
    0x20000044   0x0800384c   0x00000004   Data   RW          341    .data               system_stm32f1xx.o
    0x20000048   0x08003850   0x00000009   Data   RW          489    .data               stm32f1xx_hal.o
    0x20000051   0x08003859   0x00000003   PAD
    0x20000054   0x0800385c   0x00000004   Data   RW         2764    .data               delay.o
    0x20000058   0x08003860   0x00000007   Data   RW         2852    .data               usart.o
    0x2000005f   0x08003867   0x00000001   PAD
    0x20000060   0x08003868   0x00000004   Data   RW         2978    .data               timer.o
    0x20000064        -       0x00000108   Zero   RW         2851    .bss                usart.o
    0x2000016c        -       0x0000009c   Zero   RW         2977    .bss                timer.o
    0x20000208        -       0x00000060   Zero   RW         3217    .bss                c_w.l(libspace.o)
    0x20000268        -       0x00000200   Zero   RW          455    HEAP                startup_stm32f103xe.o
    0x20000468        -       0x00000400   Zero   RW          454    STACK               startup_stm32f103xe.o


==============================================================================

Image component sizes


      Code (inc. data)   RO Data    RW Data    ZI Data      Debug   Object Name

        20          4          0          4          0        653   delay.o
       128         12          0          0          0        835   led.o
       560         84          0         68          0     483410   main.o
        64         26        304          0       1536        764   startup_stm32f103xe.o
       152         32          0          9          0       5717   stm32f1xx_hal.o
       344         22          0          0          0      29657   stm32f1xx_hal_cortex.o
       424         10          0          0          0       1179   stm32f1xx_hal_dma.o
       844         40          0          0          0       2620   stm32f1xx_hal_gpio.o
         2          0          0          0          0        386   stm32f1xx_hal_msp.o
      1784        110          0          0          0       5824   stm32f1xx_hal_rcc.o
      2190         88          0          0          0      14812   stm32f1xx_hal_tim.o
         4          0          0          0          0       1449   stm32f1xx_hal_tim_ex.o
      1352         10          0          0          0       7967   stm32f1xx_hal_uart.o
        32          0          0          0          0       3510   stm32f1xx_it.o
        86          0          0          0          0        671   sys.o
        88         18         24          4          0       1011   system_stm32f1xx.o
       772         88          0          4        156       5682   timer.o
       456         52          0          7        264       5069   usart.o

    ----------------------------------------------------------------------
      9316        596        362        100       1956     571216   Object Totals
         0          0         32          0          0          0   (incl. Generated)
        14          0          2          4          0          0   (incl. Padding)

    ----------------------------------------------------------------------

      Code (inc. data)   RO Data    RW Data    ZI Data      Debug   Library Member Name

         8          0          0          0          0         68   __main.o
       184          0          0          0          0         84   __printf_ss.o
         0          0          0          0          0          0   __rtentry.o
        12          0          0          0          0          0   __rtentry2.o
         6          0          0          0          0          0   __rtentry4.o
        52          8          0          0          0          0   __scatter.o
        26          0          0          0          0          0   __scatter_copy.o
        28          0          0          0          0          0   __scatter_zi.o
        48          6          0          0          0         96   _printf_char_common.o
        36          4          0          0          0         80   _printf_char_file.o
       178          0          0          0          0         88   _printf_intcommon.o
        10          0          0          0          0          0   _printf_ll.o
         6          0          0          0          0          0   _printf_lld.o
       124         16          0          0          0         92   _printf_longlong_dec.o
         0          0          0          0          0          0   _printf_percent.o
         4          0          0          0          0          0   _printf_percent_end.o
        18          0          0          0          0         80   exit.o
         8          0          0          0          0         68   ferror.o
         6          0          0          0          0        152   heapauxi.o
         2          0          0          0          0          0   libinit.o
         2          0          0          0          0          0   libinit2.o
         2          0          0          0          0          0   libshutdown.o
         2          0          0          0          0          0   libshutdown2.o
         8          4          0          0         96         68   libspace.o
       138          0          0          0          0         80   lludiv10.o
        24          4          0          0          0         84   noretval__2printf.o
         2          0          0          0          0          0   rtexit.o
        10          0          0          0          0          0   rtexit2.o
        74          0          0          0          0         80   sys_stackheap_outer.o
         2          0          0          0          0         68   use_no_semi.o
         2          0          0          0          0         68   use_no_semi_2.o
        98          4          0          0          0         92   d2f.o
       804         16          0          0          0        272   daddsub_clz.o
        24          0          0          0          0         68   dcmpi.o
       688        140          0          0          0        208   ddiv.o
        90          4          0          0          0         92   dfixu.o
       162          0          0          0          0         84   dfltll_clz.o
       120          4          0          0          0         92   dleqf.o
       340         12          0          0          0        104   dmul.o
       156          4          0          0          0         92   dnaninf.o
        12          0          0          0          0         68   dretinf.o
       108          0          0          0          0         80   drleqf.o
        86          4          0          0          0         84   f2d.o
       430          8          0          0          0        168   faddsub_clz.o
        62          4          0          0          0         84   ffixu.o
        38          0          0          0          0         68   fflt_clz.o
       258          4          0          0          0         84   fmul.o
       140          4          0          0          0         84   fnaninf.o
        10          0          0          0          0         68   fretinf.o
         0          0          0          0          0          0   usenofp.o

    ----------------------------------------------------------------------
      4666        250          0          0         96       3148   Library Totals
        18          0          0          0          0          0   (incl. Padding)

    ----------------------------------------------------------------------

      Code (inc. data)   RO Data    RW Data    ZI Data      Debug   Library Name

      1022         42          0          0         96       1256   c_w.l
      3626        208          0          0          0       1892   fz_ws.l

    ----------------------------------------------------------------------
      4666        250          0          0         96       3148   Library Totals

    ----------------------------------------------------------------------

==============================================================================


      Code (inc. data)   RO Data    RW Data    ZI Data      Debug   

     13982        846        362        100       2052     568536   Grand Totals
     13982        846        362        100       2052     568536   ELF Image Totals
     13982        846        362        100          0          0   ROM Totals

==============================================================================

    Total RO  Size (Code + RO Data)                14344 (  14.01kB)
    Total RW  Size (RW Data + ZI Data)              2152 (   2.10kB)
    Total ROM Size (Code + RO Data + RW Data)      14444 (  14.11kB)

==============================================================================

